Archive member included to satisfy reference by file (symbol)

E:/gcc-arm-none-eabi-10.3-2021.10/bin/../lib/gcc/arm-none-eabi/13.3.1/thumb/v7e-m+fp/hard\libstdc++.a(atexit_arm.o)
                              CMakeFiles/Engineer_Gimbal_Test.elf.dir/component/driver/drv_arm.cpp.obj (__aeabi_atexit)
E:/gcc-arm-none-eabi-10.3-2021.10/bin/../lib/gcc/arm-none-eabi/13.3.1/thumb/v7e-m+fp/hard\libstdc++.a(class_type_info.o)
                              CMakeFiles/Engineer_Gimbal_Test.elf.dir/component/driver/drv_comm.cpp.obj (vtable for __cxxabiv1::__class_type_info)
E:/gcc-arm-none-eabi-10.3-2021.10/bin/../lib/gcc/arm-none-eabi/13.3.1/thumb/v7e-m+fp/hard\libstdc++.a(del_ops.o)
                              E:/gcc-arm-none-eabi-10.3-2021.10/bin/../lib/gcc/arm-none-eabi/13.3.1/thumb/v7e-m+fp/hard\libstdc++.a(class_type_info.o) (operator delete(void*, unsigned int))
E:/gcc-arm-none-eabi-10.3-2021.10/bin/../lib/gcc/arm-none-eabi/13.3.1/thumb/v7e-m+fp/hard\libstdc++.a(eh_arm.o)
                              CMakeFiles/Engineer_Gimbal_Test.elf.dir/bsp/interface_can.cpp.obj (__cxa_end_cleanup)
E:/gcc-arm-none-eabi-10.3-2021.10/bin/../lib/gcc/arm-none-eabi/13.3.1/thumb/v7e-m+fp/hard\libstdc++.a(eh_exception.o)
                              E:/gcc-arm-none-eabi-10.3-2021.10/bin/../lib/gcc/arm-none-eabi/13.3.1/thumb/v7e-m+fp/hard\libstdc++.a(eh_arm.o) (typeinfo for __cxxabiv1::__forced_unwind)
E:/gcc-arm-none-eabi-10.3-2021.10/bin/../lib/gcc/arm-none-eabi/13.3.1/thumb/v7e-m+fp/hard\libstdc++.a(eh_globals.o)
                              E:/gcc-arm-none-eabi-10.3-2021.10/bin/../lib/gcc/arm-none-eabi/13.3.1/thumb/v7e-m+fp/hard\libstdc++.a(eh_arm.o) (__cxa_get_globals)
E:/gcc-arm-none-eabi-10.3-2021.10/bin/../lib/gcc/arm-none-eabi/13.3.1/thumb/v7e-m+fp/hard\libstdc++.a(eh_personality.o)
                              CMakeFiles/Engineer_Gimbal_Test.elf.dir/bsp/interface_can.cpp.obj (__gxx_personality_v0)
E:/gcc-arm-none-eabi-10.3-2021.10/bin/../lib/gcc/arm-none-eabi/13.3.1/thumb/v7e-m+fp/hard\libstdc++.a(eh_terminate.o)
                              E:/gcc-arm-none-eabi-10.3-2021.10/bin/../lib/gcc/arm-none-eabi/13.3.1/thumb/v7e-m+fp/hard\libstdc++.a(eh_arm.o) (std::terminate())
E:/gcc-arm-none-eabi-10.3-2021.10/bin/../lib/gcc/arm-none-eabi/13.3.1/thumb/v7e-m+fp/hard\libstdc++.a(eh_unex_handler.o)
                              E:/gcc-arm-none-eabi-10.3-2021.10/bin/../lib/gcc/arm-none-eabi/13.3.1/thumb/v7e-m+fp/hard\libstdc++.a(eh_terminate.o) (__cxxabiv1::__unexpected_handler)
E:/gcc-arm-none-eabi-10.3-2021.10/bin/../lib/gcc/arm-none-eabi/13.3.1/thumb/v7e-m+fp/hard\libstdc++.a(si_class_type_info.o)
                              CMakeFiles/Engineer_Gimbal_Test.elf.dir/component/driver/drv_actuator.cpp.obj (vtable for __cxxabiv1::__si_class_type_info)
E:/gcc-arm-none-eabi-10.3-2021.10/bin/../lib/gcc/arm-none-eabi/13.3.1/thumb/v7e-m+fp/hard\libstdc++.a(tinfo.o)
                              E:/gcc-arm-none-eabi-10.3-2021.10/bin/../lib/gcc/arm-none-eabi/13.3.1/thumb/v7e-m+fp/hard\libstdc++.a(class_type_info.o) (std::type_info::~type_info())
E:/gcc-arm-none-eabi-10.3-2021.10/bin/../lib/gcc/arm-none-eabi/13.3.1/thumb/v7e-m+fp/hard\libstdc++.a(vterminate.o)
                              E:/gcc-arm-none-eabi-10.3-2021.10/bin/../lib/gcc/arm-none-eabi/13.3.1/thumb/v7e-m+fp/hard\libstdc++.a(eh_terminate.o) (__gnu_cxx::__verbose_terminate_handler())
E:/gcc-arm-none-eabi-10.3-2021.10/bin/../lib/gcc/arm-none-eabi/13.3.1/thumb/v7e-m+fp/hard\libstdc++.a(functional.o)
                              CMakeFiles/Engineer_Gimbal_Test.elf.dir/bsp/interface_can.cpp.obj (std::__throw_bad_function_call())
E:/gcc-arm-none-eabi-10.3-2021.10/bin/../lib/gcc/arm-none-eabi/13.3.1/thumb/v7e-m+fp/hard\libstdc++.a(cp-demangle.o)
                              E:/gcc-arm-none-eabi-10.3-2021.10/bin/../lib/gcc/arm-none-eabi/13.3.1/thumb/v7e-m+fp/hard\libstdc++.a(vterminate.o) (__cxa_demangle)
E:/gcc-arm-none-eabi-10.3-2021.10/bin/../lib/gcc/arm-none-eabi/13.3.1/thumb/v7e-m+fp/hard\libstdc++.a(del_op.o)
                              E:/gcc-arm-none-eabi-10.3-2021.10/bin/../lib/gcc/arm-none-eabi/13.3.1/thumb/v7e-m+fp/hard\libstdc++.a(del_ops.o) (operator delete(void*))
E:/gcc-arm-none-eabi-10.3-2021.10/bin/../lib/gcc/arm-none-eabi/13.3.1/thumb/v7e-m+fp/hard\libstdc++.a(eh_alloc.o)
                              E:/gcc-arm-none-eabi-10.3-2021.10/bin/../lib/gcc/arm-none-eabi/13.3.1/thumb/v7e-m+fp/hard\libstdc++.a(functional.o) (__cxa_allocate_exception)
E:/gcc-arm-none-eabi-10.3-2021.10/bin/../lib/gcc/arm-none-eabi/13.3.1/thumb/v7e-m+fp/hard\libstdc++.a(eh_call.o)
                              E:/gcc-arm-none-eabi-10.3-2021.10/bin/../lib/gcc/arm-none-eabi/13.3.1/thumb/v7e-m+fp/hard\libstdc++.a(eh_personality.o) (__cxa_call_terminate)
E:/gcc-arm-none-eabi-10.3-2021.10/bin/../lib/gcc/arm-none-eabi/13.3.1/thumb/v7e-m+fp/hard\libstdc++.a(eh_catch.o)
[...]
Memory Configuration

Name             Origin             Length             Attributes
CCMRAM           0x10000000         0x00010000         xrw
RAM              0x20000000         0x00020000         xrw
FLASH            0x08000000         0x00100000         xr
*default*        0x00000000         0xffffffff

Linker script and memory map

LOAD E:/gcc-arm-none-eabi-10.3-2021.10/bin/../lib/gcc/arm-none-eabi/13.3.1/thumb/v7e-m+fp/hard/crti.o
LOAD E:/gcc-arm-none-eabi-10.3-2021.10/bin/../lib/gcc/arm-none-eabi/13.3.1/thumb/v7e-m+fp/hard/crtbegin.o
LOAD E:/gcc-arm-none-eabi-10.3-2021.10/bin/../lib/gcc/arm-none-eabi/13.3.1/thumb/v7e-m+fp/hard/crt0.o
LOAD CMakeFiles/Engineer_Gimbal_Test.elf.dir/Core/Src/can.c.obj
LOAD CMakeFiles/Engineer_Gimbal_Test.elf.dir/Core/Src/dma.c.obj
LOAD CMakeFiles/Engineer_Gimbal_Test.elf.dir/Core/Src/freertos.c.obj
LOAD CMakeFiles/Engineer_Gimbal_Test.elf.dir/Core/Src/gpio.c.obj
LOAD CMakeFiles/Engineer_Gimbal_Test.elf.dir/Core/Src/iwdg.c.obj
LOAD CMakeFiles/Engineer_Gimbal_Test.elf.dir/Core/Src/main.c.obj
LOAD CMakeFiles/Engineer_Gimbal_Test.elf.dir/Core/Src/spi.c.obj
LOAD CMakeFiles/Engineer_Gimbal_Test.elf.dir/Core/Src/stm32f4xx_hal_msp.c.obj
LOAD CMakeFiles/Engineer_Gimbal_Test.elf.dir/Core/Src/stm32f4xx_hal_timebase_tim.c.obj
LOAD CMakeFiles/Engineer_Gimbal_Test.elf.dir/Core/Src/stm32f4xx_it.c.obj
LOAD CMakeFiles/Engineer_Gimbal_Test.elf.dir/Core/Src/syscalls.c.obj
LOAD CMakeFiles/Engineer_Gimbal_Test.elf.dir/Core/Src/sysmem.c.obj
LOAD CMakeFiles/Engineer_Gimbal_Test.elf.dir/Core/Src/system_stm32f4xx.c.obj
LOAD CMakeFiles/Engineer_Gimbal_Test.elf.dir/Core/Src/tim.c.obj
LOAD CMakeFiles/Engineer_Gimbal_Test.elf.dir/Core/Src/usart.c.obj
LOAD CMakeFiles/Engineer_Gimbal_Test.elf.dir/Core/Startup/startup_stm32f407ighx.s.obj
LOAD CMakeFiles/Engineer_Gimbal_Test.elf.dir/Drivers/STM32F4xx_HAL_Driver/Src/stm32f4xx_hal.c.obj
LOAD CMakeFiles/Engineer_Gimbal_Test.elf.dir/Drivers/STM32F4xx_HAL_Driver/Src/stm32f4xx_hal_can.c.obj
LOAD CMakeFiles/Engineer_Gimbal_Test.elf.dir/Drivers/STM32F4xx_HAL_Driver/Src/stm32f4xx_hal_cortex.c.obj
LOAD CMakeFiles/Engineer_Gimbal_Test.elf.dir/Drivers/STM32F4xx_HAL_Driver/Src/stm32f4xx_hal_dma.c.obj
LOAD CMakeFiles/Engineer_Gimbal_Test.elf.dir/Drivers/STM32F4xx_HAL_Driver/Src/stm32f4xx_hal_dma_ex.c.obj
LOAD CMakeFiles/Engineer_Gimbal_Test.elf.dir/Drivers/STM32F4xx_HAL_Driver/Src/stm32f4xx_hal_exti.c.obj
LOAD CMakeFiles/Engineer_Gimbal_Test.elf.dir/Drivers/STM32F4xx_HAL_Driver/Src/stm32f4xx_hal_flash.c.obj
LOAD CMakeFiles/Engineer_Gimbal_Test.elf.dir/Drivers/STM32F4xx_HAL_Driver/Src/stm32f4xx_hal_flash_ex.c.obj
LOAD CMakeFiles/Engineer_Gimbal_Test.elf.dir/Drivers/STM32F4xx_HAL_Driver/Src/stm32f4xx_hal_flash_ramfunc.c.obj
LOAD CMakeFiles/Engineer_Gimbal_Test.elf.dir/Drivers/STM32F4xx_HAL_Driver/Src/stm32f4xx_hal_gpio.c.obj
LOAD CMakeFiles/Engineer_Gimbal_Test.elf.dir/Drivers/STM32F4xx_HAL_Driver/Src/stm32f4xx_hal_iwdg.c.obj
LOAD CMakeFiles/Engineer_Gimbal_Test.elf.dir/Drivers/STM32F4xx_HAL_Driver/Src/stm32f4xx_hal_pcd.c.obj
LOAD CMakeFiles/Engineer_Gimbal_Test.elf.dir/Drivers/STM32F4xx_HAL_Driver/Src/stm32f4xx_hal_pcd_ex.c.obj
LOAD CMakeFiles/Engineer_Gimbal_Test.elf.dir/Drivers/STM32F4xx_HAL_Driver/Src/stm32f4xx_hal_pwr.c.obj
LOAD CMakeFiles/Engineer_Gimbal_Test.elf.dir/Drivers/STM32F4xx_HAL_Driver/Src/stm32f4xx_hal_pwr_ex.c.obj
LOAD CMakeFiles/Engineer_Gimbal_Test.elf.dir/Drivers/STM32F4xx_HAL_Driver/Src/stm32f4xx_hal_rcc.c.obj
LOAD CMakeFiles/Engineer_Gimbal_Test.elf.dir/Drivers/STM32F4xx_HAL_Driver/Src/stm32f4xx_hal_rcc_ex.c.obj
LOAD CMakeFiles/Engineer_Gimbal_Test.elf.dir/Drivers/STM32F4xx_HAL_Driver/Src/stm32f4xx_hal_spi.c.obj
LOAD CMakeFiles/Engineer_Gimbal_Test.elf.dir/Drivers/STM32F4xx_HAL_Driver/Src/stm32f4xx_hal_tim.c.obj
LOAD CMakeFiles/Engineer_Gimbal_Test.elf.dir/Drivers/STM32F4xx_HAL_Driver/Src/stm32f4xx_hal_tim_ex.c.obj
LOAD CMakeFiles/Engineer_Gimbal_Test.elf.dir/Drivers/STM32F4xx_HAL_Driver/Src/stm32f4xx_hal_uart.c.obj
LOAD CMakeFiles/Engineer_Gimbal_Test.elf.dir/Drivers/STM32F4xx_HAL_Driver/Src/stm32f4xx_ll_usb.c.obj
LOAD CMakeFiles/Engineer_Gimbal_Test.elf.dir/Middlewares/ST/STM32_USB_Device_Library/Class/CDC/Src/usbd_cdc.c.obj
LOAD CMakeFiles/Engineer_Gimbal_Test.elf.dir/Middlewares/ST/STM32_USB_Device_Library/Core/Src/usbd_core.c.obj
LOAD CMakeFiles/Engineer_Gimbal_Test.elf.dir/Middlewares/ST/STM32_USB_Device_Library/Core/Src/usbd_ctlreq.c.obj
LOAD CMakeFiles/Engineer_Gimbal_Test.elf.dir/Middlewares/ST/STM32_USB_Device_Library/Core/Src/usbd_ioreq.c.obj
LOAD CMakeFiles/Engineer_Gimbal_Test.elf.dir/Middlewares/Third_Party/FreeRTOS/Source/CMSIS_RTOS_V2/cmsis_os2.c.obj
LOAD CMakeFiles/Engineer_Gimbal_Test.elf.dir/Middlewares/Third_Party/FreeRTOS/Source/croutine.c.obj
LOAD CMakeFiles/Engineer_Gimbal_Test.elf.dir/Middlewares/Third_Party/FreeRTOS/Source/event_groups.c.obj
LOAD CMakeFiles/Engineer_Gimbal_Test.elf.dir/Middlewares/Third_Party/FreeRTOS/Source/list.c.obj
LOAD CMakeFiles/Engineer_Gimbal_Test.elf.dir/Middlewares/Third_Party/FreeRTOS/Source/portable/GCC/ARM_CM4F/port.c.obj
LOAD CMakeFiles/Engineer_Gimbal_Test.elf.dir/Middlewares/Third_Party/FreeRTOS/Source/portable/MemMang/heap_4.c.obj
LOAD CMakeFiles/Engineer_Gimbal_Test.elf.dir/Middlewares/Third_Party/FreeRTOS/Source/queue.c.obj
LOAD CMakeFiles/Engineer_Gimbal_Test.elf.dir/Middlewares/Third_Party/FreeRTOS/Source/stream_buffer.c.obj
LOAD CMakeFiles/Engineer_Gimbal_Test.elf.dir/Middlewares/Third_Party/FreeRTOS/Source/tasks.c.obj
LOAD CMakeFiles/Engineer_Gimbal_Test.elf.dir/Middlewares/Third_Party/FreeRTOS/Source/timers.c.obj
LOAD CMakeFiles/Engineer_Gimbal_Test.elf.dir/USB_DEVICE/App/usb_device.c.obj
LOAD CMakeFiles/Engineer_Gimbal_Test.elf.dir/USB_DEVICE/App/usbd_cdc_if.c.obj
LOAD CMakeFiles/Engineer_Gimbal_Test.elf.dir/USB_DEVICE/App/usbd_desc.c.obj
LOAD CMakeFiles/Engineer_Gimbal_Test.elf.dir/USB_DEVICE/Target/usbd_conf.c.obj
LOAD CMakeFiles/Engineer_Gimbal_Test.elf.dir/bsp/bsp_dwt.cpp.obj
LOAD CMakeFiles/Engineer_Gimbal_Test.elf.dir/bsp/bsp_led.cpp.obj
LOAD CMakeFiles/Engineer_Gimbal_Test.elf.dir/bsp/bsp_usart.cpp.obj
LOAD CMakeFiles/Engineer_Gimbal_Test.elf.dir/bsp/interface_can.cpp.obj
LOAD CMakeFiles/Engineer_Gimbal_Test.elf.dir/component/algorithm/crc.c.obj
LOAD CMakeFiles/Engineer_Gimbal_Test.elf.dir/component/algorithm/pid.c.obj
LOAD CMakeFiles/Engineer_Gimbal_Test.elf.dir/component/driver/IMU/BMI088/Middleware_BMI088.c.obj
LOAD CMakeFiles/Engineer_Gimbal_Test.elf.dir/component/driver/IMU/BMI088/drv_BMI088.cpp.obj
LOAD CMakeFiles/Engineer_Gimbal_Test.elf.dir/component/driver/IMU/drv_hi229um.cpp.obj
LOAD CMakeFiles/Engineer_Gimbal_Test.elf.dir/component/driver/IMU/drv_imu.cpp.obj
LOAD CMakeFiles/Engineer_Gimbal_Test.elf.dir/component/driver/drv_actuator.cpp.obj
LOAD CMakeFiles/Engineer_Gimbal_Test.elf.dir/component/driver/drv_arm.cpp.obj
LOAD CMakeFiles/Engineer_Gimbal_Test.elf.dir/component/driver/drv_auto.cpp.obj
LOAD CMakeFiles/Engineer_Gimbal_Test.elf.dir/component/driver/drv_buzzer.cpp.obj
LOAD CMakeFiles/Engineer_Gimbal_Test.elf.dir/component/driver/drv_comm.cpp.obj
LOAD CMakeFiles/Engineer_Gimbal_Test.elf.dir/component/driver/drv_dof.cpp.obj
LOAD CMakeFiles/Engineer_Gimbal_Test.elf.dir/component/driver/drv_dr16.cpp.obj
LOAD CMakeFiles/Engineer_Gimbal_Test.elf.dir/component/driver/drv_framework.cpp.obj
LOAD CMakeFiles/Engineer_Gimbal_Test.elf.dir/component/driver/drv_key.cpp.obj
LOAD CMakeFiles/Engineer_Gimbal_Test.elf.dir/component/driver/drv_reset.cpp.obj
LOAD CMakeFiles/Engineer_Gimbal_Test.elf.dir/component/driver/motor/drv_DJI_motor.cpp.obj
LOAD CMakeFiles/Engineer_Gimbal_Test.elf.dir/component/driver/motor/drv_DM_motor.cpp.obj
LOAD CMakeFiles/Engineer_Gimbal_Test.elf.dir/component/driver/motor/drv_motor.cpp.obj
LOAD CMakeFiles/Engineer_Gimbal_Test.elf.dir/component/user/app/RC_Control_Task.cpp.obj
LOAD CMakeFiles/Engineer_Gimbal_Test.elf.dir/component/user/app/task_auto.cpp.obj
LOAD CMakeFiles/Engineer_Gimbal_Test.elf.dir/component/user/app/task_comm.cpp.obj
LOAD CMakeFiles/Engineer_Gimbal_Test.elf.dir/component/user/app/task_ctrl.cpp.obj
LOAD CMakeFiles/Engineer_Gimbal_Test.elf.dir/component/user/app/task_test.cpp.obj
LOAD CMakeFiles/Engineer_Gimbal_Test.elf.dir/component/user/peripheral/task_IMU.cpp.obj
LOAD CMakeFiles/Engineer_Gimbal_Test.elf.dir/component/user/peripheral/task_motor.cpp.obj
LOAD CMakeFiles/Engineer_Gimbal_Test.elf.dir/component/user/peripheral/task_rc.cpp.obj
LOAD CMakeFiles/Engineer_Gimbal_Test.elf.dir/component/user_cpp_lib.cpp.obj
LOAD CMakeFiles/Engineer_Gimbal_Test.elf.dir/component/user_lib.cpp.obj
LOAD E:/RM/2025/Engineer_Gimbal_Test/Middlewares\libCMSISDSP.a
LOAD E:/gcc-arm-none-eabi-10.3-2021.10/bin/../lib/gcc/arm-none-eabi/13.3.1/thumb/v7e-m+fp/hard\libstdc++.a
LOAD E:/gcc-arm-none-eabi-10.3-2021.10/bin/../lib/gcc/arm-none-eabi/13.3.1/thumb/v7e-m+fp/hard\libm.a
START GROUP
LOAD E:/gcc-arm-none-eabi-10.3-2021.10/bin/../lib/gcc/arm-none-eabi/13.3.1/thumb/v7e-m+fp/hard\libgcc.a
LOAD E:/gcc-arm-none-eabi-10.3-2021.10/bin/../lib/gcc/arm-none-eabi/13.3.1/thumb/v7e-m+fp/hard\libg.a
LOAD E:/gcc-arm-none-eabi-10.3-2021.10/bin/../lib/gcc/arm-none-eabi/13.3.1/thumb/v7e-m+fp/hard\libc.a
END GROUP
LOAD E:/gcc-arm-none-eabi-10.3-2021.10/bin/../lib/gcc/arm-none-eabi/13.3.1/thumb/v7e-m+fp/hard/crtend.o
LOAD E:/gcc-arm-none-eabi-10.3-2021.10/bin/../lib/gcc/arm-none-eabi/13.3.1/thumb/v7e-m+fp/hard/crtn.o
                0x20020000                        _estack = (ORIGIN (RAM) + LENGTH (RAM))
                0x00000400                        _Min_Heap_Size = 0x400
                0x00000400                        _Min_Stack_Size = 0x400

.isr_vector     0x08000000      0x188
                0x08000000                        . = ALIGN (0x4)
 *(.isr_vector)
 .isr_vector    0x08000000      0x188 CMakeFiles/Engineer_Gimbal_Test.elf.dir/Core/Startup/startup_stm32f407ighx.s.obj
                0x08000000                g_pfnVectors
                0x08000188                        . = ALIGN (0x4)

.text           0x080001c0    0x1f828
                0x080001c0                        . = ALIGN (0x4)
 *(.text)
 .text          0x080001c0      0x378 E:/gcc-arm-none-eabi-10.3-2021.10/bin/../lib/gcc/arm-none-eabi/13.3.1/thumb/v7e-m+fp/hard\libgcc.a(_arm_addsubdf3.o)
                0x080001c0                __aeabi_drsub
                0x080001c8                __aeabi_dsub
                0x080001c8                __subdf3
                0x080001cc                __aeabi_dadd
                0x080001cc                __adddf3
                0x08000444                __floatunsidf
                0x08000444                __aeabi_ui2d
                0x08000464                __floatsidf
                0x08000464                __aeabi_i2d
                0x08000488                __aeabi_f2d
                0x08000488                __extendsfdf2
                0x080004cc                __floatundidf
                0x080004cc                __aeabi_ul2d
                0x080004dc                __floatdidf
                0x080004dc                __aeabi_l2d
 .text          0x08000538      0x424 E:/gcc-arm-none-eabi-10.3-2021.10/bin/../lib/gcc/arm-none-eabi/13.3.1/thumb/v7e-m+fp/hard\libgcc.a(_arm_muldivdf3.o)
                0x08000538                __aeabi_dmul
                0x08000538                __muldf3
                0x0800078c                __divdf3
                0x0800078c                __aeabi_ddiv
 .text          0x0800095c      0x110 E:/gcc-arm-none-eabi-10.3-2021.10/bin/../lib/gcc/arm-none-eabi/13.3.1/thumb/v7e-m+fp/hard\libgcc.a(_arm_cmpdf2.o)
                0x0800095c                __gtdf2
                0x0800095c                __gedf2
                0x08000964                __ltdf2
                0x08000964                __ledf2
                0x0800096c                __nedf2
                0x0800096c                __eqdf2
                0x0800096c                __cmpdf2
                0x080009e8                __aeabi_cdrcmple
                0x080009f8                __aeabi_cdcmpeq
                0x080009f8                __aeabi_cdcmple
                0x08000a08                __aeabi_dcmpeq
                0x08000a1c                __aeabi_dcmplt
                0x08000a30                __aeabi_dcmple
                0x08000a44                __aeabi_dcmpge
                0x08000a58                __aeabi_dcmpgt
 .text          0x08000a6c       0xa0 E:/gcc-arm-none-eabi-10.3-2021.10/bin/../lib/gcc/arm-none-eabi/13.3.1/thumb/v7e-m+fp/hard\libgcc.a(_arm_truncdfsf2.o)
                0x08000a6c                __truncdfsf2
                0x08000a6c                __aeabi_d2f
 .text          0x08000b0c       0x30 E:/gcc-arm-none-eabi-10.3-2021.10/bin/../lib/gcc/arm-none-eabi/13.3.1/thumb/v7e-m+fp/hard\libgcc.a(_aeabi_uldivmod.o)
                0x08000b0c                __aeabi_uldivmod
 .text          0x08000b3c      0x1ac E:/gcc-arm-none-eabi-10.3-2021.10/bin/../lib/gcc/arm-none-eabi/13.3.1/thumb/v7e-m+fp/hard\libgcc.a(libunwind.o)
                0x08000b3c                __restore_core_regs
                0x08000b3c                restore_core_regs
                0x08000b54                __gnu_Unwind_Restore_VFP
                0x08000b5c                __gnu_Unwind_Save_VFP
                0x08000b64                __gnu_Unwind_Restore_VFP_D
                0x08000b6c                __gnu_Unwind_Save_VFP_D
                0x08000b74                __gnu_Unwind_Restore_VFP_D_16_to_31
                0x08000b7c                __gnu_Unwind_Save_VFP_D_16_to_31
                0x08000b84                __gnu_Unwind_Restore_WMMXD
                0x08000bc8                __gnu_Unwind_Save_WMMXD
                0x08000c0c                __gnu_Unwind_Restore_WMMXC
                0x08000c20                __gnu_Unwind_Save_WMMXC
                0x08000c34                ___Unwind_RaiseException
                0x08000c34                _Unwind_RaiseException
                0x08000c58                _Unwind_Resume
                0x08000c58                ___Unwind_Resume
                0x08000c7c                _Unwind_Resume_or_Rethrow
                0x08000c7c                ___Unwind_Resume_or_Rethrow
                0x08000ca0                _Unwind_ForcedUnwind
                0x08000ca0                ___Unwind_ForcedUnwind
                0x08000cc4                ___Unwind_Backtrace
                0x08000cc4                _Unwind_Backtrace
 .text          0x08000ce8        0x4 E:/gcc-arm-none-eabi-10.3-2021.10/bin/../lib/gcc/arm-none-eabi/13.3.1/thumb/v7e-m+fp/hard\libgcc.a(_dvmd_tls.o)
                0x08000ce8                __aeabi_idiv0
                0x08000ce8                __aeabi_ldiv0
 *fill*         0x08000cec       0x14 
 .text          0x08000d00      0x2e0 E:/gcc-arm-none-eabi-10.3-2021.10/bin/../lib/gcc/arm-none-eabi/13.3.1/thumb/v7e-m+fp/hard\libg.a(libc_a-strcmp.o)
                0x08000d00                strcmp
 .text          0x08000fe0       0xa0 E:/gcc-arm-none-eabi-10.3-2021.10/bin/../lib/gcc/arm-none-eabi/13.3.1/thumb/v7e-m+fp/hard\libg.a(libc_a-memchr.o)
                0x08000fe0                memchr
 .text          0x08001080      0x134 E:/gcc-arm-none-eabi-10.3-2021.10/bin/../lib/gcc/arm-none-eabi/13.3.1/thumb/v7e-m+fp/hard\libg.a(libc_a-memcpy.o)
                0x08001080                memcpy
 *fill*         0x080011b4        0xc 
 .text          0x080011c0       0xd8 E:/gcc-arm-none-eabi-10.3-2021.10/bin/../lib/gcc/arm-none-eabi/13.3.1/thumb/v7e-m+fp/hard\libg.a(libc_a-strlen.o)
                0x080011c0                strlen
 .text          0x08001298       0x2c E:/gcc-arm-none-eabi-10.3-2021.10/bin/../lib/gcc/arm-none-eabi/13.3.1/thumb/v7e-m+fp/hard\libgcc.a(_arm_unorddf2.o)
                0x08001298                __unorddf2
                0x08001298                __aeabi_dcmpun
 .text          0x080012c4       0x50 E:/gcc-arm-none-eabi-10.3-2021.10/bin/../lib/gcc/arm-none-eabi/13.3.1/thumb/v7e-m+fp/hard\libgcc.a(_arm_fixdfsi.o)
                0x080012c4                __aeabi_d2iz
                0x080012c4                __fixdfsi
 *(.text*)
 .text.deregister_tm_clones
                0x08001314       0x1c E:/gcc-arm-none-eabi-10.3-2021.10/bin/../lib/gcc/arm-none-eabi/13.3.1/thumb/v7e-m+fp/hard/crtbegin.o
 .text.register_tm_clones
                0x08001330       0x24 E:/gcc-arm-none-eabi-10.3-2021.10/bin/../lib/gcc/arm-none-eabi/13.3.1/thumb/v7e-m+fp/hard/crtbegin.o
 .text.__do_global_dtors_aux
                0x08001354       0x28 E:/gcc-arm-none-eabi-10.3-2021.10/bin/../lib/gcc/arm-none-eabi/13.3.1/thumb/v7e-m+fp/hard/crtbegin.o
 .text.frame_dummy
                0x0800137c       0x24 E:/gcc-arm-none-eabi-10.3-2021.10/bin/../lib/gcc/arm-none-eabi/13.3.1/thumb/v7e-m+fp/hard/crtbegin.o
 .text.MX_CAN1_Init
                0x080013a0       0x44 CMakeFiles/Engineer_Gimbal_Test.elf.dir/Core/Src/can.c.obj
                0x080013a0                MX_CAN1_Init
 .text.MX_CAN2_Init
                0x080013e4       0x44 CMakeFiles/Engineer_Gimbal_Test.elf.dir/Core/Src/can.c.obj
                0x080013e4                MX_CAN2_Init
 .text.HAL_CAN_MspInit
                0x08001428      0x140 CMakeFiles/Engineer_Gimbal_Test.elf.dir/Core/Src/can.c.obj
                0x08001428                HAL_CAN_MspInit
 .text.MX_DMA_Init
                0x08001568       0xa8 CMakeFiles/Engineer_Gimbal_Test.elf.dir/Core/Src/dma.c.obj
                0x08001568                MX_DMA_Init
 .text.StartDefaultTask
                0x08001610       0x34 CMakeFiles/Engineer_Gimbal_Test.elf.dir/Core/Src/freertos.c.obj
                0x08001610                StartDefaultTask
 .text.kinematicsTask
                0x08001644        0xa CMakeFiles/Engineer_Gimbal_Test.elf.dir/Core/Src/freertos.c.obj
                0x08001644                kinematicsTask
 .text.XGZP6847Task
                0x0800164e        0xa CMakeFiles/Engineer_Gimbal_Test.elf.dir/Core/Src/freertos.c.obj
                0x0800164e                XGZP6847Task
 .text.MX_FREERTOS_Init
                0x08001658      0x3dc CMakeFiles/Engineer_Gimbal_Test.elf.dir/Core/Src/freertos.c.obj
                0x08001658                MX_FREERTOS_Init
 .text.MX_GPIO_Init
                0x08001a34      0x164 CMakeFiles/Engineer_Gimbal_Test.elf.dir/Core/Src/gpio.c.obj
                0x08001a34                MX_GPIO_Init
 .text.MX_IWDG_Init
                0x08001b98       0x28 CMakeFiles/Engineer_Gimbal_Test.elf.dir/Core/Src/iwdg.c.obj
                0x08001b98                MX_IWDG_Init
 .text.HAL_TIM_PeriodElapsedCallback
                0x08001bc0       0x18 CMakeFiles/Engineer_Gimbal_Test.elf.dir/Core/Src/main.c.obj
                0x08001bc0                HAL_TIM_PeriodElapsedCallback
 .text.Error_Handler
                0x08001bd8        0x4 CMakeFiles/Engineer_Gimbal_Test.elf.dir/Core/Src/main.c.obj
                0x08001bd8                Error_Handler
 .text.SystemClock_Config
                0x08001bdc       0xac CMakeFiles/Engineer_Gimbal_Test.elf.dir/Core/Src/main.c.obj
                0x08001bdc                SystemClock_Config
 .text.main     0x08001c88       0x58 CMakeFiles/Engineer_Gimbal_Test.elf.dir/Core/Src/main.c.obj
                0x08001c88                main
 .text.MX_SPI1_Init
                0x08001ce0       0x48 CMakeFiles/Engineer_Gimbal_Test.elf.dir/Core/Src/spi.c.obj
                0x08001ce0                MX_SPI1_Init
 .text.MX_SPI2_Init
                0x08001d28       0x48 CMakeFiles/Engineer_Gimbal_Test.elf.dir/Core/Src/spi.c.obj
                0x08001d28                MX_SPI2_Init
 .text.HAL_SPI_MspInit
                0x08001d70      0x17c CMakeFiles/Engineer_Gimbal_Test.elf.dir/Core/Src/spi.c.obj
                0x08001d70                HAL_SPI_MspInit
 .text.HAL_MspInit
                0x08001eec       0x44 CMakeFiles/Engineer_Gimbal_Test.elf.dir/Core/Src/stm32f4xx_hal_msp.c.obj
                0x08001eec                HAL_MspInit
 .text.HAL_InitTick
                0x08001f30       0xa4 CMakeFiles/Engineer_Gimbal_Test.elf.dir/Core/Src/stm32f4xx_hal_timebase_tim.c.obj
                0x08001f30                HAL_InitTick
 .text.NMI_Handler
                0x08001fd4        0x2 CMakeFiles/Engineer_Gimbal_Test.elf.dir/Core/Src/stm32f4xx_it.c.obj
                0x08001fd4                NMI_Handler
 .text.HardFault_Handler
                0x08001fd6        0x2 CMakeFiles/Engineer_Gimbal_Test.elf.dir/Core/Src/stm32f4xx_it.c.obj
                0x08001fd6                HardFault_Handler
 .text.MemManage_Handler
                0x08001fd8        0x2 CMakeFiles/Engineer_Gimbal_Test.elf.dir/Core/Src/stm32f4xx_it.c.obj
                0x08001fd8                MemManage_Handler
 .text.BusFault_Handler
                0x08001fda        0x2 CMakeFiles/Engineer_Gimbal_Test.elf.dir/Core/Src/stm32f4xx_it.c.obj
                0x08001fda                BusFault_Handler
 .text.UsageFault_Handler
                0x08001fdc        0x2 CMakeFiles/Engineer_Gimbal_Test.elf.dir/Core/Src/stm32f4xx_it.c.obj
                0x08001fdc                UsageFault_Handler
 .text.DebugMon_Handler
                0x08001fde        0x2 CMakeFiles/Engineer_Gimbal_Test.elf.dir/Core/Src/stm32f4xx_it.c.obj
                0x08001fde                DebugMon_Handler
 .text.DMA1_Stream1_IRQHandler
                0x08001fe0       0x10 CMakeFiles/Engineer_Gimbal_Test.elf.dir/Core/Src/stm32f4xx_it.c.obj
                0x08001fe0                DMA1_Stream1_IRQHandler
 .text.CAN1_TX_IRQHandler
                0x08001ff0       0x10 CMakeFiles/Engineer_Gimbal_Test.elf.dir/Core/Src/stm32f4xx_it.c.obj
                0x08001ff0                CAN1_TX_IRQHandler
 .text.CAN1_RX0_IRQHandler
                0x08002000       0x10 CMakeFiles/Engineer_Gimbal_Test.elf.dir/Core/Src/stm32f4xx_it.c.obj
                0x08002000                CAN1_RX0_IRQHandler
 .text.TIM4_IRQHandler
                0x08002010       0x10 CMakeFiles/Engineer_Gimbal_Test.elf.dir/Core/Src/stm32f4xx_it.c.obj
                0x08002010                TIM4_IRQHandler
 .text.USART1_IRQHandler
                0x08002020       0x10 CMakeFiles/Engineer_Gimbal_Test.elf.dir/Core/Src/stm32f4xx_it.c.obj
                0x08002020                USART1_IRQHandler
 .text.USART3_IRQHandler
                0x08002030       0x10 CMakeFiles/Engineer_Gimbal_Test.elf.dir/Core/Src/stm32f4xx_it.c.obj
                0x08002030                USART3_IRQHandler
 .text.TIM7_IRQHandler
                0x08002040       0x10 CMakeFiles/Engineer_Gimbal_Test.elf.dir/Core/Src/stm32f4xx_it.c.obj
                0x08002040                TIM7_IRQHandler
 .text.DMA2_Stream1_IRQHandler
                0x08002050       0x10 CMakeFiles/Engineer_Gimbal_Test.elf.dir/Core/Src/stm32f4xx_it.c.obj
                0x08002050                DMA2_Stream1_IRQHandler
 .text.DMA2_Stream2_IRQHandler
                0x08002060       0x10 CMakeFiles/Engineer_Gimbal_Test.elf.dir/Core/Src/stm32f4xx_it.c.obj
                0x08002060                DMA2_Stream2_IRQHandler
 .text.DMA2_Stream3_IRQHandler
                0x08002070       0x10 CMakeFiles/Engineer_Gimbal_Test.elf.dir/Core/Src/stm32f4xx_it.c.obj
                0x08002070                DMA2_Stream3_IRQHandler
 .text.CAN2_TX_IRQHandler
                0x08002080       0x10 CMakeFiles/Engineer_Gimbal_Test.elf.dir/Core/Src/stm32f4xx_it.c.obj
                0x08002080                CAN2_TX_IRQHandler
 .text.CAN2_RX1_IRQHandler
                0x08002090       0x10 CMakeFiles/Engineer_Gimbal_Test.elf.dir/Core/Src/stm32f4xx_it.c.obj
                0x08002090                CAN2_RX1_IRQHandler
 .text.OTG_FS_IRQHandler
                0x080020a0       0x10 CMakeFiles/Engineer_Gimbal_Test.elf.dir/Core/Src/stm32f4xx_it.c.obj
                0x080020a0                OTG_FS_IRQHandler
 .text.DMA2_Stream5_IRQHandler
                0x080020b0       0x10 CMakeFiles/Engineer_Gimbal_Test.elf.dir/Core/Src/stm32f4xx_it.c.obj
                0x080020b0                DMA2_Stream5_IRQHandler
 .text.DMA2_Stream6_IRQHandler
                0x080020c0       0x10 CMakeFiles/Engineer_Gimbal_Test.elf.dir/Core/Src/stm32f4xx_it.c.obj
                0x080020c0                DMA2_Stream6_IRQHandler
 .text.DMA2_Stream7_IRQHandler
                0x080020d0       0x10 CMakeFiles/Engineer_Gimbal_Test.elf.dir/Core/Src/stm32f4xx_it.c.obj
                0x080020d0                DMA2_Stream7_IRQHandler
 .text.USART6_IRQHandler
                0x080020e0       0x10 CMakeFiles/Engineer_Gimbal_Test.elf.dir/Core/Src/stm32f4xx_it.c.obj
                0x080020e0                USART6_IRQHandler
 .text._getpid  0x080020f0        0x4 CMakeFiles/Engineer_Gimbal_Test.elf.dir/Core/Src/syscalls.c.obj
                0x080020f0                _getpid
 .text._kill    0x080020f4       0x10 CMakeFiles/Engineer_Gimbal_Test.elf.dir/Core/Src/syscalls.c.obj
                0x080020f4                _kill
 .text._exit    0x08002104        0xc CMakeFiles/Engineer_Gimbal_Test.elf.dir/Core/Src/syscalls.c.obj
                0x08002104                _exit
 .text._read    0x08002110       0x20 CMakeFiles/Engineer_Gimbal_Test.elf.dir/Core/Src/syscalls.c.obj
                0x08002110                _read
 .text._write   0x08002130       0x1c CMakeFiles/Engineer_Gimbal_Test.elf.dir/Core/Src/syscalls.c.obj
                0x08002130                _write
 .text._close   0x0800214c        0x6 CMakeFiles/Engineer_Gimbal_Test.elf.dir/Core/Src/syscalls.c.obj
                0x0800214c                _close
 .text._fstat   0x08002152        0xa CMakeFiles/Engineer_Gimbal_Test.elf.dir/Core/Src/syscalls.c.obj
                0x08002152                _fstat
 .text._isatty  0x0800215c        0x4 CMakeFiles/Engineer_Gimbal_Test.elf.dir/Core/Src/syscalls.c.obj
                0x0800215c                _isatty
 .text._lseek   0x08002160        0x4 CMakeFiles/Engineer_Gimbal_Test.elf.dir/Core/Src/syscalls.c.obj
                0x08002160                _lseek
 .text._sbrk    0x08002164       0x48 CMakeFiles/Engineer_Gimbal_Test.elf.dir/Core/Src/sysmem.c.obj
                0x08002164                _sbrk
 .text.SystemInit
                0x080021ac       0x14 CMakeFiles/Engineer_Gimbal_Test.elf.dir/Core/Src/system_stm32f4xx.c.obj
                0x080021ac                SystemInit
 .text.HAL_TIM_PWM_MspInit
                0x080021c0       0x40 CMakeFiles/Engineer_Gimbal_Test.elf.dir/Core/Src/tim.c.obj
                0x080021c0                HAL_TIM_PWM_MspInit
 .text.HAL_TIM_MspPostInit
                0x08002200       0x58 CMakeFiles/Engineer_Gimbal_Test.elf.dir/Core/Src/tim.c.obj
                0x08002200                HAL_TIM_MspPostInit
 .text.MX_TIM4_Init
                0x08002258       0x80 CMakeFiles/Engineer_Gimbal_Test.elf.dir/Core/Src/tim.c.obj
                0x08002258                MX_TIM4_Init
 .text.MX_USART1_UART_Init
                0x080022d8       0x34 CMakeFiles/Engineer_Gimbal_Test.elf.dir/Core/Src/usart.c.obj
                0x080022d8                MX_USART1_UART_Init
 .text.MX_USART3_UART_Init
                0x0800230c       0x3c CMakeFiles/Engineer_Gimbal_Test.elf.dir/Core/Src/usart.c.obj
                0x0800230c                MX_USART3_UART_Init
 .text.MX_USART6_UART_Init
                0x08002348       0x34 CMakeFiles/Engineer_Gimbal_Test.elf.dir/Core/Src/usart.c.obj
                0x08002348                MX_USART6_UART_Init
 .text.HAL_UART_MspInit
                0x0800237c      0x2b4 CMakeFiles/Engineer_Gimbal_Test.elf.dir/Core/Src/usart.c.obj
                0x0800237c                HAL_UART_MspInit
 .text.Reset_Handler
                0x08002630       0x50 CMakeFiles/Engineer_Gimbal_Test.elf.dir/Core/Startup/startup_stm32f407ighx.s.obj
                0x08002630                Reset_Handler
 .text.Default_Handler
                0x08002680        0x2 CMakeFiles/Engineer_Gimbal_Test.elf.dir/Core/Startup/startup_stm32f407ighx.s.obj
                0x08002680                RTC_Alarm_IRQHandler
                0x08002680                HASH_RNG_IRQHandler
                0x08002680                EXTI2_IRQHandler
                0x08002680                TIM8_CC_IRQHandler
                0x08002680                TIM1_CC_IRQHandler
                0x08002680                DMA1_Stream5_IRQHandler
                0x08002680                PVD_IRQHandler
                0x08002680                SDIO_IRQHandler
                0x08002680                TAMP_STAMP_IRQHandler
                0x08002680                EXTI3_IRQHandler
                0x08002680                TIM8_TRG_COM_TIM14_IRQHandler
                0x08002680                TIM1_UP_TIM10_IRQHandler
                0x08002680                TIM8_UP_TIM13_IRQHandler
                0x08002680                I2C3_ER_IRQHandler
                0x08002680                EXTI0_IRQHandler
                0x08002680                I2C2_EV_IRQHandler
                0x08002680                DMA1_Stream2_IRQHandler
                0x08002680                FPU_IRQHandler
                0x08002680                OTG_HS_WKUP_IRQHandler
                0x08002680                CAN2_SCE_IRQHandler
                0x08002680                SPI1_IRQHandler
                0x08002680                TIM6_DAC_IRQHandler
                0x08002680                TIM1_BRK_TIM9_IRQHandler
                0x08002680                DCMI_IRQHandler
                0x08002680                CAN2_RX0_IRQHandler
                0x08002680                CAN1_RX1_IRQHandler
                0x08002680                UART5_IRQHandler
                0x08002680                DMA2_Stream0_IRQHandler
                0x08002680                I2C1_EV_IRQHandler
                0x08002680                DMA1_Stream6_IRQHandler
                0x08002680                UART4_IRQHandler
                0x08002680                TIM3_IRQHandler
                0x08002680                RCC_IRQHandler
                0x08002680                TIM8_BRK_TIM12_IRQHandler
                0x08002680                Default_Handler
                0x08002680                EXTI15_10_IRQHandler
                0x08002680                ADC_IRQHandler
                0x08002680                DMA1_Stream7_IRQHandler
                0x08002680                TIM5_IRQHandler
                0x08002680                I2C3_EV_IRQHandler
                0x08002680                EXTI9_5_IRQHandler
                0x08002680                RTC_WKUP_IRQHandler
                0x08002680                ETH_WKUP_IRQHandler
                0x08002680                SPI2_IRQHandler
                0x08002680                OTG_HS_EP1_IN_IRQHandler
                0x08002680                DMA1_Stream0_IRQHandler
                0x08002680                EXTI4_IRQHandler
                0x08002680                FSMC_IRQHandler
                0x08002680                ETH_IRQHandler
                0x08002680                OTG_HS_EP1_OUT_IRQHandler
                0x08002680                WWDG_IRQHandler
                0x08002680                TIM2_IRQHandler
                0x08002680                OTG_FS_WKUP_IRQHandler
                0x08002680                TIM1_TRG_COM_TIM11_IRQHandler
                0x08002680                OTG_HS_IRQHandler
                0x08002680                EXTI1_IRQHandler
                0x08002680                USART2_IRQHandler
                0x08002680                I2C2_ER_IRQHandler
                0x08002680                CAN1_SCE_IRQHandler
                0x08002680                FLASH_IRQHandler
                0x08002680                DMA2_Stream4_IRQHandler
                0x08002680                SPI3_IRQHandler
                0x08002680                DMA1_Stream4_IRQHandler
                0x08002680                I2C1_ER_IRQHandler
                0x08002680                DMA1_Stream3_IRQHandler
 *fill*         0x08002682        0x2 
 .text.HAL_Init
                0x08002684       0x34 CMakeFiles/Engineer_Gimbal_Test.elf.dir/Drivers/STM32F4xx_HAL_Driver/Src/stm32f4xx_hal.c.obj
                0x08002684                HAL_Init
 .text.HAL_IncTick
                0x080026b8       0x18 CMakeFiles/Engineer_Gimbal_Test.elf.dir/Drivers/STM32F4xx_HAL_Driver/Src/stm32f4xx_hal.c.obj
                0x080026b8                HAL_IncTick
 .text.HAL_GetTick
                0x080026d0        0xc CMakeFiles/Engineer_Gimbal_Test.elf.dir/Drivers/STM32F4xx_HAL_Driver/Src/stm32f4xx_hal.c.obj
                0x080026d0                HAL_GetTick
 .text.HAL_Delay
                0x080026dc       0x28 CMakeFiles/Engineer_Gimbal_Test.elf.dir/Drivers/STM32F4xx_HAL_Driver/Src/stm32f4xx_hal.c.obj
                0x080026dc                HAL_Delay
 .text.HAL_CAN_Init
                0x08002704      0x14c CMakeFiles/Engineer_Gimbal_Test.elf.dir/Drivers/STM32F4xx_HAL_Driver/Src/stm32f4xx_hal_can.c.obj
                0x08002704                HAL_CAN_Init
 .text.HAL_CAN_ConfigFilter
                0x08002850      0x138 CMakeFiles/Engineer_Gimbal_Test.elf.dir/Drivers/STM32F4xx_HAL_Driver/Src/stm32f4xx_hal_can.c.obj
                0x08002850                HAL_CAN_ConfigFilter
 .text.HAL_CAN_Start
                0x08002988       0x5c CMakeFiles/Engineer_Gimbal_Test.elf.dir/Drivers/STM32F4xx_HAL_Driver/Src/stm32f4xx_hal_can.c.obj
                0x08002988                HAL_CAN_Start
 .text.HAL_CAN_AddTxMessage
                0x080029e4       0xea CMakeFiles/Engineer_Gimbal_Test.elf.dir/Drivers/STM32F4xx_HAL_Driver/Src/stm32f4xx_hal_can.c.obj
                0x080029e4                HAL_CAN_AddTxMessage
 .text.HAL_CAN_GetRxMessage
                0x08002ace      0x16a CMakeFiles/Engineer_Gimbal_Test.elf.dir/Drivers/STM32F4xx_HAL_Driver/Src/stm32f4xx_hal_can.c.obj
                0x08002ace                HAL_CAN_GetRxMessage
 .text.HAL_CAN_ActivateNotification
                0x08002c38       0x24 CMakeFiles/Engineer_Gimbal_Test.elf.dir/Drivers/STM32F4xx_HAL_Driver/Src/stm32f4xx_hal_can.c.obj
                0x08002c38                HAL_CAN_ActivateNotification
 .text.HAL_CAN_TxMailbox0AbortCallback
                0x08002c5c        0x2 CMakeFiles/Engineer_Gimbal_Test.elf.dir/Drivers/STM32F4xx_HAL_Driver/Src/stm32f4xx_hal_can.c.obj
                0x08002c5c                HAL_CAN_TxMailbox0AbortCallback
 .text.HAL_CAN_TxMailbox1AbortCallback
                0x08002c5e        0x2 CMakeFiles/Engineer_Gimbal_Test.elf.dir/Drivers/STM32F4xx_HAL_Driver/Src/stm32f4xx_hal_can.c.obj
                0x08002c5e                HAL_CAN_TxMailbox1AbortCallback
 .text.HAL_CAN_TxMailbox2AbortCallback
                0x08002c60        0x2 CMakeFiles/Engineer_Gimbal_Test.elf.dir/Drivers/STM32F4xx_HAL_Driver/Src/stm32f4xx_hal_can.c.obj
                0x08002c60                HAL_CAN_TxMailbox2AbortCallback
 .text.HAL_CAN_RxFifo0FullCallback
                0x08002c62        0x2 CMakeFiles/Engineer_Gimbal_Test.elf.dir/Drivers/STM32F4xx_HAL_Driver/Src/stm32f4xx_hal_can.c.obj
                0x08002c62                HAL_CAN_RxFifo0FullCallback
 .text.HAL_CAN_RxFifo1FullCallback
                0x08002c64        0x2 CMakeFiles/Engineer_Gimbal_Test.elf.dir/Drivers/STM32F4xx_HAL_Driver/Src/stm32f4xx_hal_can.c.obj
                0x08002c64                HAL_CAN_RxFifo1FullCallback
 .text.HAL_CAN_SleepCallback
                0x08002c66        0x2 CMakeFiles/Engineer_Gimbal_Test.elf.dir/Drivers/STM32F4xx_HAL_Driver/Src/stm32f4xx_hal_can.c.obj
                0x08002c66                HAL_CAN_SleepCallback
 .text.HAL_CAN_WakeUpFromRxMsgCallback
                0x08002c68        0x2 CMakeFiles/Engineer_Gimbal_Test.elf.dir/Drivers/STM32F4xx_HAL_Driver/Src/stm32f4xx_hal_can.c.obj
                0x08002c68                HAL_CAN_WakeUpFromRxMsgCallback
 .text.HAL_CAN_ErrorCallback
                0x08002c6a        0x2 CMakeFiles/Engineer_Gimbal_Test.elf.dir/Drivers/STM32F4xx_HAL_Driver/Src/stm32f4xx_hal_can.c.obj
                0x08002c6a                HAL_CAN_ErrorCallback
 .text.HAL_CAN_IRQHandler
                0x08002c6c      0x250 CMakeFiles/Engineer_Gimbal_Test.elf.dir/Drivers/STM32F4xx_HAL_Driver/Src/stm32f4xx_hal_can.c.obj
                0x08002c6c                HAL_CAN_IRQHandler
 .text.__NVIC_EnableIRQ
                0x08002ebc       0x1c CMakeFiles/Engineer_Gimbal_Test.elf.dir/Drivers/STM32F4xx_HAL_Driver/Src/stm32f4xx_hal_cortex.c.obj
 .text.__NVIC_SetPriority
                0x08002ed8       0x28 CMakeFiles/Engineer_Gimbal_Test.elf.dir/Drivers/STM32F4xx_HAL_Driver/Src/stm32f4xx_hal_cortex.c.obj
 .text.NVIC_EncodePriority
                0x08002f00       0x3e CMakeFiles/Engineer_Gimbal_Test.elf.dir/Drivers/STM32F4xx_HAL_Driver/Src/stm32f4xx_hal_cortex.c.obj
 *fill*         0x08002f3e        0x2 
 .text.HAL_NVIC_SetPriorityGrouping
                0x08002f40       0x24 CMakeFiles/Engineer_Gimbal_Test.elf.dir/Drivers/STM32F4xx_HAL_Driver/Src/stm32f4xx_hal_cortex.c.obj
                0x08002f40                HAL_NVIC_SetPriorityGrouping
 .text.HAL_NVIC_SetPriority
                0x08002f64       0x20 CMakeFiles/Engineer_Gimbal_Test.elf.dir/Drivers/STM32F4xx_HAL_Driver/Src/stm32f4xx_hal_cortex.c.obj
                0x08002f64                HAL_NVIC_SetPriority
 .text.HAL_NVIC_EnableIRQ
                0x08002f84        0x8 CMakeFiles/Engineer_Gimbal_Test.elf.dir/Drivers/STM32F4xx_HAL_Driver/Src/stm32f4xx_hal_cortex.c.obj
                0x08002f84                HAL_NVIC_EnableIRQ
 .text.DMA_SetConfig
                0x08002f8c       0x2c CMakeFiles/Engineer_Gimbal_Test.elf.dir/Drivers/STM32F4xx_HAL_Driver/Src/stm32f4xx_hal_dma.c.obj
 .text.DMA_CalcBaseAndBitshift
                0x08002fb8       0x3c CMakeFiles/Engineer_Gimbal_Test.elf.dir/Drivers/STM32F4xx_HAL_Driver/Src/stm32f4xx_hal_dma.c.obj
 .text.DMA_CheckFifoParam
                0x08002ff4       0x8e CMakeFiles/Engineer_Gimbal_Test.elf.dir/Drivers/STM32F4xx_HAL_Driver/Src/stm32f4xx_hal_dma.c.obj
 *fill*         0x08003082        0x2 
 .text.HAL_DMA_Init
                0x08003084       0xcc CMakeFiles/Engineer_Gimbal_Test.elf.dir/Drivers/STM32F4xx_HAL_Driver/Src/stm32f4xx_hal_dma.c.obj
                0x08003084                HAL_DMA_Init
 .text.HAL_DMA_Start_IT
                0x08003150       0x6a CMakeFiles/Engineer_Gimbal_Test.elf.dir/Drivers/STM32F4xx_HAL_Driver/Src/stm32f4xx_hal_dma.c.obj
                0x08003150                HAL_DMA_Start_IT
 .text.HAL_DMA_Abort
                0x080031ba       0x94 CMakeFiles/Engineer_Gimbal_Test.elf.dir/Drivers/STM32F4xx_HAL_Driver/Src/stm32f4xx_hal_dma.c.obj
                0x080031ba                HAL_DMA_Abort
 .text.HAL_DMA_Abort_IT
                0x0800324e       0x26 CMakeFiles/Engineer_Gimbal_Test.elf.dir/Drivers/STM32F4xx_HAL_Driver/Src/stm32f4xx_hal_dma.c.obj
                0x0800324e                HAL_DMA_Abort_IT
 .text.HAL_DMA_IRQHandler
                0x08003274      0x1dc CMakeFiles/Engineer_Gimbal_Test.elf.dir/Drivers/STM32F4xx_HAL_Driver/Src/stm32f4xx_hal_dma.c.obj
                0x08003274                HAL_DMA_IRQHandler
 .text.HAL_GPIO_Init
                0x08003450      0x1ec CMakeFiles/Engineer_Gimbal_Test.elf.dir/Drivers/STM32F4xx_HAL_Driver/Src/stm32f4xx_hal_gpio.c.obj
                0x08003450                HAL_GPIO_Init
 .text.HAL_GPIO_WritePin
                0x0800363c        0xc CMakeFiles/Engineer_Gimbal_Test.elf.dir/Drivers/STM32F4xx_HAL_Driver/Src/stm32f4xx_hal_gpio.c.obj
                0x0800363c                HAL_GPIO_WritePin
 .text.HAL_GPIO_TogglePin
                0x08003648       0x12 CMakeFiles/Engineer_Gimbal_Test.elf.dir/Drivers/STM32F4xx_HAL_Driver/Src/stm32f4xx_hal_gpio.c.obj
                0x08003648                HAL_GPIO_TogglePin
 .text.HAL_IWDG_Init
                0x0800365a       0x58 CMakeFiles/Engineer_Gimbal_Test.elf.dir/Drivers/STM32F4xx_HAL_Driver/Src/stm32f4xx_hal_iwdg.c.obj
                0x0800365a                HAL_IWDG_Init
 .text.HAL_IWDG_Refresh
                0x080036b2        0xc CMakeFiles/Engineer_Gimbal_Test.elf.dir/Drivers/STM32F4xx_HAL_Driver/Src/stm32f4xx_hal_iwdg.c.obj
                0x080036b2                HAL_IWDG_Refresh
 .text.PCD_WriteEmptyTxFifo
                0x080036be       0xd0 CMakeFiles/Engineer_Gimbal_Test.elf.dir/Drivers/STM32F4xx_HAL_Driver/Src/stm32f4xx_hal_pcd.c.obj
 .text.HAL_PCD_Init
                0x0800378e      0x102 CMakeFiles/Engineer_Gimbal_Test.elf.dir/Drivers/STM32F4xx_HAL_Driver/Src/stm32f4xx_hal_pcd.c.obj
                0x0800378e                HAL_PCD_Init
 .text.HAL_PCD_Start
                0x08003890       0x44 CMakeFiles/Engineer_Gimbal_Test.elf.dir/Drivers/STM32F4xx_HAL_Driver/Src/stm32f4xx_hal_pcd.c.obj
                0x08003890                HAL_PCD_Start
 .text.PCD_EP_OutXfrComplete_int
                0x080038d4      0x104 CMakeFiles/Engineer_Gimbal_Test.elf.dir/Drivers/STM32F4xx_HAL_Driver/Src/stm32f4xx_hal_pcd.c.obj
 .text.PCD_EP_OutSetupPacket_int
                0x080039d8       0x50 CMakeFiles/Engineer_Gimbal_Test.elf.dir/Drivers/STM32F4xx_HAL_Driver/Src/stm32f4xx_hal_pcd.c.obj
 .text.HAL_PCD_SetAddress
                0x08003a28       0x26 CMakeFiles/Engineer_Gimbal_Test.elf.dir/Drivers/STM32F4xx_HAL_Driver/Src/stm32f4xx_hal_pcd.c.obj
                0x08003a28                HAL_PCD_SetAddress
 .text.HAL_PCD_EP_Open
                0x08003a4e       0x8c CMakeFiles/Engineer_Gimbal_Test.elf.dir/Drivers/STM32F4xx_HAL_Driver/Src/stm32f4xx_hal_pcd.c.obj
                0x08003a4e                HAL_PCD_EP_Open
 .text.HAL_PCD_EP_Close
                0x08003ada       0x70 CMakeFiles/Engineer_Gimbal_Test.elf.dir/Drivers/STM32F4xx_HAL_Driver/Src/stm32f4xx_hal_pcd.c.obj
                0x08003ada                HAL_PCD_EP_Close
 .text.HAL_PCD_EP_Receive
                0x08003b4a       0x4a CMakeFiles/Engineer_Gimbal_Test.elf.dir/Drivers/STM32F4xx_HAL_Driver/Src/stm32f4xx_hal_pcd.c.obj
                0x08003b4a                HAL_PCD_EP_Receive
 .text.HAL_PCD_EP_GetRxCount
                0x08003b94       0x12 CMakeFiles/Engineer_Gimbal_Test.elf.dir/Drivers/STM32F4xx_HAL_Driver/Src/stm32f4xx_hal_pcd.c.obj
                0x08003b94                HAL_PCD_EP_GetRxCount
 .text.HAL_PCD_EP_Transmit
                0x08003ba6       0x4a CMakeFiles/Engineer_Gimbal_Test.elf.dir/Drivers/STM32F4xx_HAL_Driver/Src/stm32f4xx_hal_pcd.c.obj
                0x08003ba6                HAL_PCD_EP_Transmit
 .text.HAL_PCD_EP_SetStall
                0x08003bf0       0x86 CMakeFiles/Engineer_Gimbal_Test.elf.dir/Drivers/STM32F4xx_HAL_Driver/Src/stm32f4xx_hal_pcd.c.obj
                0x08003bf0                HAL_PCD_EP_SetStall
 .text.HAL_PCD_EP_ClrStall
                0x08003c76       0x74 CMakeFiles/Engineer_Gimbal_Test.elf.dir/Drivers/STM32F4xx_HAL_Driver/Src/stm32f4xx_hal_pcd.c.obj
                0x08003c76                HAL_PCD_EP_ClrStall
 .text.HAL_PCD_EP_Abort
                0x08003cea       0x34 CMakeFiles/Engineer_Gimbal_Test.elf.dir/Drivers/STM32F4xx_HAL_Driver/Src/stm32f4xx_hal_pcd.c.obj
                0x08003cea                HAL_PCD_EP_Abort
 .text.HAL_PCD_IRQHandler
                0x08003d1e      0x5c0 CMakeFiles/Engineer_Gimbal_Test.elf.dir/Drivers/STM32F4xx_HAL_Driver/Src/stm32f4xx_hal_pcd.c.obj
                0x08003d1e                HAL_PCD_IRQHandler
 .text.HAL_PCDEx_SetTxFiFo
                0x080042de       0x4c CMakeFiles/Engineer_Gimbal_Test.elf.dir/Drivers/STM32F4xx_HAL_Driver/Src/stm32f4xx_hal_pcd_ex.c.obj
                0x080042de                HAL_PCDEx_SetTxFiFo
 .text.HAL_PCDEx_SetRxFiFo
                0x0800432a        0x8 CMakeFiles/Engineer_Gimbal_Test.elf.dir/Drivers/STM32F4xx_HAL_Driver/Src/stm32f4xx_hal_pcd_ex.c.obj
                0x0800432a                HAL_PCDEx_SetRxFiFo
 .text.HAL_PCDEx_LPM_Callback
                0x08004332        0x2 CMakeFiles/Engineer_Gimbal_Test.elf.dir/Drivers/STM32F4xx_HAL_Driver/Src/stm32f4xx_hal_pcd_ex.c.obj
                0x08004332                HAL_PCDEx_LPM_Callback
 .text.HAL_RCC_OscConfig
                0x08004334      0x3f8 CMakeFiles/Engineer_Gimbal_Test.elf.dir/Drivers/STM32F4xx_HAL_Driver/Src/stm32f4xx_hal_rcc.c.obj
                0x08004334                HAL_RCC_OscConfig
 .text.HAL_RCC_GetSysClockFreq
                0x0800472c       0xa8 CMakeFiles/Engineer_Gimbal_Test.elf.dir/Drivers/STM32F4xx_HAL_Driver/Src/stm32f4xx_hal_rcc.c.obj
                0x0800472c                HAL_RCC_GetSysClockFreq
 .text.HAL_RCC_ClockConfig
                0x080047d4      0x160 CMakeFiles/Engineer_Gimbal_Test.elf.dir/Drivers/STM32F4xx_HAL_Driver/Src/stm32f4xx_hal_rcc.c.obj
                0x080047d4                HAL_RCC_ClockConfig
 .text.HAL_RCC_GetHCLKFreq
                0x08004934        0xc CMakeFiles/Engineer_Gimbal_Test.elf.dir/Drivers/STM32F4xx_HAL_Driver/Src/stm32f4xx_hal_rcc.c.obj
                0x08004934                HAL_RCC_GetHCLKFreq
 .text.HAL_RCC_GetPCLK1Freq
                0x08004940       0x20 CMakeFiles/Engineer_Gimbal_Test.elf.dir/Drivers/STM32F4xx_HAL_Driver/Src/stm32f4xx_hal_rcc.c.obj
                0x08004940                HAL_RCC_GetPCLK1Freq
 .text.HAL_RCC_GetPCLK2Freq
                0x08004960       0x20 CMakeFiles/Engineer_Gimbal_Test.elf.dir/Drivers/STM32F4xx_HAL_Driver/Src/stm32f4xx_hal_rcc.c.obj
                0x08004960                HAL_RCC_GetPCLK2Freq
 .text.HAL_RCC_GetClockConfig
                0x08004980       0x3c CMakeFiles/Engineer_Gimbal_Test.elf.dir/Drivers/STM32F4xx_HAL_Driver/Src/stm32f4xx_hal_rcc.c.obj
                0x08004980                HAL_RCC_GetClockConfig
 .text.HAL_SPI_Init
                0x080049bc       0xbe CMakeFiles/Engineer_Gimbal_Test.elf.dir/Drivers/STM32F4xx_HAL_Driver/Src/stm32f4xx_hal_spi.c.obj
                0x080049bc                HAL_SPI_Init
 *fill*         0x08004a7a        0x2 
 .text.TIM_OC1_SetConfig
                0x08004a7c       0x70 CMakeFiles/Engineer_Gimbal_Test.elf.dir/Drivers/STM32F4xx_HAL_Driver/Src/stm32f4xx_hal_tim.c.obj
 .text.TIM_OC3_SetConfig
                0x08004aec       0x70 CMakeFiles/Engineer_Gimbal_Test.elf.dir/Drivers/STM32F4xx_HAL_Driver/Src/stm32f4xx_hal_tim.c.obj
 .text.TIM_OC4_SetConfig
                0x08004b5c       0x50 CMakeFiles/Engineer_Gimbal_Test.elf.dir/Drivers/STM32F4xx_HAL_Driver/Src/stm32f4xx_hal_tim.c.obj
 .text.HAL_TIM_Base_MspInit
                0x08004bac        0x2 CMakeFiles/Engineer_Gimbal_Test.elf.dir/Drivers/STM32F4xx_HAL_Driver/Src/stm32f4xx_hal_tim.c.obj
                0x08004bac                HAL_TIM_Base_MspInit
 *fill*         0x08004bae        0x2 
 .text.HAL_TIM_Base_Start
                0x08004bb0       0x7c CMakeFiles/Engineer_Gimbal_Test.elf.dir/Drivers/STM32F4xx_HAL_Driver/Src/stm32f4xx_hal_tim.c.obj
                0x08004bb0                HAL_TIM_Base_Start
 .text.HAL_TIM_Base_Start_IT
                0x08004c2c       0x88 CMakeFiles/Engineer_Gimbal_Test.elf.dir/Drivers/STM32F4xx_HAL_Driver/Src/stm32f4xx_hal_tim.c.obj
                0x08004c2c                HAL_TIM_Base_Start_IT
 .text.HAL_TIM_OC_DelayElapsedCallback
                0x08004cb4        0x2 CMakeFiles/Engineer_Gimbal_Test.elf.dir/Drivers/STM32F4xx_HAL_Driver/Src/stm32f4xx_hal_tim.c.obj
                0x08004cb4                HAL_TIM_OC_DelayElapsedCallback
 .text.HAL_TIM_IC_CaptureCallback
                0x08004cb6        0x2 CMakeFiles/Engineer_Gimbal_Test.elf.dir/Drivers/STM32F4xx_HAL_Driver/Src/stm32f4xx_hal_tim.c.obj
                0x08004cb6                HAL_TIM_IC_CaptureCallback
 .text.HAL_TIM_PWM_PulseFinishedCallback
                0x08004cb8        0x2 CMakeFiles/Engineer_Gimbal_Test.elf.dir/Drivers/STM32F4xx_HAL_Driver/Src/stm32f4xx_hal_tim.c.obj
                0x08004cb8                HAL_TIM_PWM_PulseFinishedCallback
 .text.HAL_TIM_TriggerCallback
                0x08004cba        0x2 CMakeFiles/Engineer_Gimbal_Test.elf.dir/Drivers/STM32F4xx_HAL_Driver/Src/stm32f4xx_hal_tim.c.obj
                0x08004cba                HAL_TIM_TriggerCallback
 .text.HAL_TIM_IRQHandler
                0x08004cbc      0x15e CMakeFiles/Engineer_Gimbal_Test.elf.dir/Drivers/STM32F4xx_HAL_Driver/Src/stm32f4xx_hal_tim.c.obj
                0x08004cbc                HAL_TIM_IRQHandler
 *fill*         0x08004e1a        0x2 
 .text.TIM_Base_SetConfig
                0x08004e1c       0xd8 CMakeFiles/Engineer_Gimbal_Test.elf.dir/Drivers/STM32F4xx_HAL_Driver/Src/stm32f4xx_hal_tim.c.obj
                0x08004e1c                TIM_Base_SetConfig
 .text.HAL_TIM_Base_Init
                0x08004ef4       0x58 CMakeFiles/Engineer_Gimbal_Test.elf.dir/Drivers/STM32F4xx_HAL_Driver/Src/stm32f4xx_hal_tim.c.obj
                0x08004ef4                HAL_TIM_Base_Init
 .text.HAL_TIM_PWM_Init
                0x08004f4c       0x58 CMakeFiles/Engineer_Gimbal_Test.elf.dir/Drivers/STM32F4xx_HAL_Driver/Src/stm32f4xx_hal_tim.c.obj
                0x08004f4c                HAL_TIM_PWM_Init
 .text.TIM_OC2_SetConfig
                0x08004fa4       0x70 CMakeFiles/Engineer_Gimbal_Test.elf.dir/Drivers/STM32F4xx_HAL_Driver/Src/stm32f4xx_hal_tim.c.obj
                0x08004fa4                TIM_OC2_SetConfig
 .text.HAL_TIM_PWM_ConfigChannel
                0x08005014       0xdc CMakeFiles/Engineer_Gimbal_Test.elf.dir/Drivers/STM32F4xx_HAL_Driver/Src/stm32f4xx_hal_tim.c.obj
                0x08005014                HAL_TIM_PWM_ConfigChannel
 .text.TIM_CCxChannelCmd
                0x080050f0       0x1e CMakeFiles/Engineer_Gimbal_Test.elf.dir/Drivers/STM32F4xx_HAL_Driver/Src/stm32f4xx_hal_tim.c.obj
                0x080050f0                TIM_CCxChannelCmd
 *fill*         0x0800510e        0x2 
 .text.HAL_TIM_PWM_Start
                0x08005110      0x104 CMakeFiles/Engineer_Gimbal_Test.elf.dir/Drivers/STM32F4xx_HAL_Driver/Src/stm32f4xx_hal_tim.c.obj
                0x08005110                HAL_TIM_PWM_Start
 .text.HAL_TIMEx_MasterConfigSynchronization
                0x08005214       0x8c CMakeFiles/Engineer_Gimbal_Test.elf.dir/Drivers/STM32F4xx_HAL_Driver/Src/stm32f4xx_hal_tim_ex.c.obj
                0x08005214                HAL_TIMEx_MasterConfigSynchronization
 .text.HAL_TIMEx_CommutCallback
                0x080052a0        0x2 CMakeFiles/Engineer_Gimbal_Test.elf.dir/Drivers/STM32F4xx_HAL_Driver/Src/stm32f4xx_hal_tim_ex.c.obj
                0x080052a0                HAL_TIMEx_CommutCallback
 .text.HAL_TIMEx_BreakCallback
                0x080052a2        0x2 CMakeFiles/Engineer_Gimbal_Test.elf.dir/Drivers/STM32F4xx_HAL_Driver/Src/stm32f4xx_hal_tim_ex.c.obj
                0x080052a2                HAL_TIMEx_BreakCallback
 .text.HAL_UART_TxHalfCpltCallback
                0x080052a4        0x2 CMakeFiles/Engineer_Gimbal_Test.elf.dir/Drivers/STM32F4xx_HAL_Driver/Src/stm32f4xx_hal_uart.c.obj
                0x080052a4                HAL_UART_TxHalfCpltCallback
 .text.HAL_UART_RxCpltCallback
                0x080052a6        0x2 CMakeFiles/Engineer_Gimbal_Test.elf.dir/Drivers/STM32F4xx_HAL_Driver/Src/stm32f4xx_hal_uart.c.obj
                0x080052a6                HAL_UART_RxCpltCallback
 .text.HAL_UART_RxHalfCpltCallback
                0x080052a8        0x2 CMakeFiles/Engineer_Gimbal_Test.elf.dir/Drivers/STM32F4xx_HAL_Driver/Src/stm32f4xx_hal_uart.c.obj
                0x080052a8                HAL_UART_RxHalfCpltCallback
 .text.HAL_UART_ErrorCallback
                0x080052aa        0x2 CMakeFiles/Engineer_Gimbal_Test.elf.dir/Drivers/STM32F4xx_HAL_Driver/Src/stm32f4xx_hal_uart.c.obj
                0x080052aa                HAL_UART_ErrorCallback
 .text.HAL_UART_AbortCpltCallback
                0x080052ac        0x2 CMakeFiles/Engineer_Gimbal_Test.elf.dir/Drivers/STM32F4xx_HAL_Driver/Src/stm32f4xx_hal_uart.c.obj
                0x080052ac                HAL_UART_AbortCpltCallback
 .text.HAL_UART_AbortTransmitCpltCallback
                0x080052ae        0x2 CMakeFiles/Engineer_Gimbal_Test.elf.dir/Drivers/STM32F4xx_HAL_Driver/Src/stm32f4xx_hal_uart.c.obj
                0x080052ae                HAL_UART_AbortTransmitCpltCallback
 .text.HAL_UART_AbortReceiveCpltCallback
                0x080052b0        0x2 CMakeFiles/Engineer_Gimbal_Test.elf.dir/Drivers/STM32F4xx_HAL_Driver/Src/stm32f4xx_hal_uart.c.obj
                0x080052b0                HAL_UART_AbortReceiveCpltCallback
 .text.HAL_UARTEx_RxEventCallback
                0x080052b2        0x2 CMakeFiles/Engineer_Gimbal_Test.elf.dir/Drivers/STM32F4xx_HAL_Driver/Src/stm32f4xx_hal_uart.c.obj
                0x080052b2                HAL_UARTEx_RxEventCallback
 .text.UART_DMAReceiveCplt
                0x080052b4       0x9a CMakeFiles/Engineer_Gimbal_Test.elf.dir/Drivers/STM32F4xx_HAL_Driver/Src/stm32f4xx_hal_uart.c.obj
 .text.UART_DMARxHalfCplt
                0x0800534e       0x1e CMakeFiles/Engineer_Gimbal_Test.elf.dir/Drivers/STM32F4xx_HAL_Driver/Src/stm32f4xx_hal_uart.c.obj
 .text.UART_EndTxTransfer
                0x0800536c       0x20 CMakeFiles/Engineer_Gimbal_Test.elf.dir/Drivers/STM32F4xx_HAL_Driver/Src/stm32f4xx_hal_uart.c.obj
 .text.UART_EndRxTransfer
                0x0800538c       0x5c CMakeFiles/Engineer_Gimbal_Test.elf.dir/Drivers/STM32F4xx_HAL_Driver/Src/stm32f4xx_hal_uart.c.obj
 .text.UART_DMAError
                0x080053e8       0x58 CMakeFiles/Engineer_Gimbal_Test.elf.dir/Drivers/STM32F4xx_HAL_Driver/Src/stm32f4xx_hal_uart.c.obj
 .text.UART_DMAAbortOnError
                0x08005440       0x10 CMakeFiles/Engineer_Gimbal_Test.elf.dir/Drivers/STM32F4xx_HAL_Driver/Src/stm32f4xx_hal_uart.c.obj
 .text.UART_Transmit_IT
                0x08005450       0x60 CMakeFiles/Engineer_Gimbal_Test.elf.dir/Drivers/STM32F4xx_HAL_Driver/Src/stm32f4xx_hal_uart.c.obj
 .text.UART_EndTransmit_IT
                0x080054b0       0x1a CMakeFiles/Engineer_Gimbal_Test.elf.dir/Drivers/STM32F4xx_HAL_Driver/Src/stm32f4xx_hal_uart.c.obj
 .text.UART_Receive_IT
                0x080054ca       0xe6 CMakeFiles/Engineer_Gimbal_Test.elf.dir/Drivers/STM32F4xx_HAL_Driver/Src/stm32f4xx_hal_uart.c.obj
 .text.UART_SetConfig
                0x080055b0      0x110 CMakeFiles/Engineer_Gimbal_Test.elf.dir/Drivers/STM32F4xx_HAL_Driver/Src/stm32f4xx_hal_uart.c.obj
 .text.UART_WaitOnFlagUntilTimeout
                0x080056c0       0x86 CMakeFiles/Engineer_Gimbal_Test.elf.dir/Drivers/STM32F4xx_HAL_Driver/Src/stm32f4xx_hal_uart.c.obj
 .text.HAL_UART_RegisterCallback
                0x08005746       0xb4 CMakeFiles/Engineer_Gimbal_Test.elf.dir/Drivers/STM32F4xx_HAL_Driver/Src/stm32f4xx_hal_uart.c.obj
                0x08005746                HAL_UART_RegisterCallback
 .text.HAL_UART_RegisterRxEventCallback
                0x080057fa       0x44 CMakeFiles/Engineer_Gimbal_Test.elf.dir/Drivers/STM32F4xx_HAL_Driver/Src/stm32f4xx_hal_uart.c.obj
                0x080057fa                HAL_UART_RegisterRxEventCallback
 .text.HAL_UART_Transmit
                0x0800583e       0xcc CMakeFiles/Engineer_Gimbal_Test.elf.dir/Drivers/STM32F4xx_HAL_Driver/Src/stm32f4xx_hal_uart.c.obj
                0x0800583e                HAL_UART_Transmit
 *fill*         0x0800590a        0x2 
 .text.HAL_UART_IRQHandler
                0x0800590c      0x284 CMakeFiles/Engineer_Gimbal_Test.elf.dir/Drivers/STM32F4xx_HAL_Driver/Src/stm32f4xx_hal_uart.c.obj
                0x0800590c                HAL_UART_IRQHandler
 .text.UART_InitCallbacksToDefault
                0x08005b90       0x4c CMakeFiles/Engineer_Gimbal_Test.elf.dir/Drivers/STM32F4xx_HAL_Driver/Src/stm32f4xx_hal_uart.c.obj
                0x08005b90                UART_InitCallbacksToDefault
 .text.HAL_UART_Init
                0x08005bdc       0x78 CMakeFiles/Engineer_Gimbal_Test.elf.dir/Drivers/STM32F4xx_HAL_Driver/Src/stm32f4xx_hal_uart.c.obj
                0x08005bdc                HAL_UART_Init
 .text.UART_Start_Receive_DMA
                0x08005c54       0xa4 CMakeFiles/Engineer_Gimbal_Test.elf.dir/Drivers/STM32F4xx_HAL_Driver/Src/stm32f4xx_hal_uart.c.obj
                0x08005c54                UART_Start_Receive_DMA
 .text.HAL_UARTEx_ReceiveToIdle_DMA
                0x08005cf8       0x66 CMakeFiles/Engineer_Gimbal_Test.elf.dir/Drivers/STM32F4xx_HAL_Driver/Src/stm32f4xx_hal_uart.c.obj
                0x08005cf8                HAL_UARTEx_ReceiveToIdle_DMA
 .text.USB_CoreReset
                0x08005d5e       0x4a CMakeFiles/Engineer_Gimbal_Test.elf.dir/Drivers/STM32F4xx_HAL_Driver/Src/stm32f4xx_ll_usb.c.obj
 .text.USB_CoreInit
                0x08005da8       0x92 CMakeFiles/Engineer_Gimbal_Test.elf.dir/Drivers/STM32F4xx_HAL_Driver/Src/stm32f4xx_ll_usb.c.obj
                0x08005da8                USB_CoreInit
 *fill*         0x08005e3a        0x2 
 .text.USB_SetTurnaroundTime
                0x08005e3c       0xe4 CMakeFiles/Engineer_Gimbal_Test.elf.dir/Drivers/STM32F4xx_HAL_Driver/Src/stm32f4xx_ll_usb.c.obj
                0x08005e3c                USB_SetTurnaroundTime
 .text.USB_EnableGlobalInt
                0x08005f20        0xc CMakeFiles/Engineer_Gimbal_Test.elf.dir/Drivers/STM32F4xx_HAL_Driver/Src/stm32f4xx_ll_usb.c.obj
                0x08005f20                USB_EnableGlobalInt
 .text.USB_DisableGlobalInt
                0x08005f2c        0xc CMakeFiles/Engineer_Gimbal_Test.elf.dir/Drivers/STM32F4xx_HAL_Driver/Src/stm32f4xx_ll_usb.c.obj
                0x08005f2c                USB_DisableGlobalInt
 .text.USB_FlushTxFifo
                0x08005f38       0x4a CMakeFiles/Engineer_Gimbal_Test.elf.dir/Drivers/STM32F4xx_HAL_Driver/Src/stm32f4xx_ll_usb.c.obj
                0x08005f38                USB_FlushTxFifo
 .text.USB_FlushRxFifo
                0x08005f82       0x46 CMakeFiles/Engineer_Gimbal_Test.elf.dir/Drivers/STM32F4xx_HAL_Driver/Src/stm32f4xx_ll_usb.c.obj
                0x08005f82                USB_FlushRxFifo
 .text.USB_SetDevSpeed
                0x08005fc8        0xe CMakeFiles/Engineer_Gimbal_Test.elf.dir/Drivers/STM32F4xx_HAL_Driver/Src/stm32f4xx_ll_usb.c.obj
                0x08005fc8                USB_SetDevSpeed
 *fill*         0x08005fd6        0x2 
 .text.USB_DevInit
                0x08005fd8      0x194 CMakeFiles/Engineer_Gimbal_Test.elf.dir/Drivers/STM32F4xx_HAL_Driver/Src/stm32f4xx_ll_usb.c.obj
                0x08005fd8                USB_DevInit
 .text.USB_GetDevSpeed
                0x0800616c       0x22 CMakeFiles/Engineer_Gimbal_Test.elf.dir/Drivers/STM32F4xx_HAL_Driver/Src/stm32f4xx_ll_usb.c.obj
                0x0800616c                USB_GetDevSpeed
 .text.USB_ActivateEndpoint
                0x0800618e       0x9a CMakeFiles/Engineer_Gimbal_Test.elf.dir/Drivers/STM32F4xx_HAL_Driver/Src/stm32f4xx_ll_usb.c.obj
                0x0800618e                USB_ActivateEndpoint
 .text.USB_DeactivateEndpoint
                0x08006228       0xe0 CMakeFiles/Engineer_Gimbal_Test.elf.dir/Drivers/STM32F4xx_HAL_Driver/Src/stm32f4xx_ll_usb.c.obj
                0x08006228                USB_DeactivateEndpoint
 .text.USB_EPStopXfer
                0x08006308       0xbe CMakeFiles/Engineer_Gimbal_Test.elf.dir/Drivers/STM32F4xx_HAL_Driver/Src/stm32f4xx_ll_usb.c.obj
                0x08006308                USB_EPStopXfer
 .text.USB_WritePacket
                0x080063c6       0x2e CMakeFiles/Engineer_Gimbal_Test.elf.dir/Drivers/STM32F4xx_HAL_Driver/Src/stm32f4xx_ll_usb.c.obj
                0x080063c6                USB_WritePacket
 .text.USB_EPStartXfer
                0x080063f4      0x244 CMakeFiles/Engineer_Gimbal_Test.elf.dir/Drivers/STM32F4xx_HAL_Driver/Src/stm32f4xx_ll_usb.c.obj
                0x080063f4                USB_EPStartXfer
 .text.USB_ReadPacket
                0x08006638       0x46 CMakeFiles/Engineer_Gimbal_Test.elf.dir/Drivers/STM32F4xx_HAL_Driver/Src/stm32f4xx_ll_usb.c.obj
                0x08006638                USB_ReadPacket
 .text.USB_EPSetStall
                0x0800667e       0x5a CMakeFiles/Engineer_Gimbal_Test.elf.dir/Drivers/STM32F4xx_HAL_Driver/Src/stm32f4xx_ll_usb.c.obj
                0x0800667e                USB_EPSetStall
 .text.USB_EPClearStall
                0x080066d8       0x5c CMakeFiles/Engineer_Gimbal_Test.elf.dir/Drivers/STM32F4xx_HAL_Driver/Src/stm32f4xx_ll_usb.c.obj
                0x080066d8                USB_EPClearStall
 .text.USB_SetDevAddress
                0x08006734       0x20 CMakeFiles/Engineer_Gimbal_Test.elf.dir/Drivers/STM32F4xx_HAL_Driver/Src/stm32f4xx_ll_usb.c.obj
                0x08006734                USB_SetDevAddress
 .text.USB_DevConnect
                0x08006754       0x1c CMakeFiles/Engineer_Gimbal_Test.elf.dir/Drivers/STM32F4xx_HAL_Driver/Src/stm32f4xx_ll_usb.c.obj
                0x08006754                USB_DevConnect
 .text.USB_DevDisconnect
                0x08006770       0x1c CMakeFiles/Engineer_Gimbal_Test.elf.dir/Drivers/STM32F4xx_HAL_Driver/Src/stm32f4xx_ll_usb.c.obj
                0x08006770                USB_DevDisconnect
 .text.USB_ReadInterrupts
                0x0800678c        0x8 CMakeFiles/Engineer_Gimbal_Test.elf.dir/Drivers/STM32F4xx_HAL_Driver/Src/stm32f4xx_ll_usb.c.obj
                0x0800678c                USB_ReadInterrupts
 .text.USB_ReadDevAllOutEpInterrupt
                0x08006794       0x10 CMakeFiles/Engineer_Gimbal_Test.elf.dir/Drivers/STM32F4xx_HAL_Driver/Src/stm32f4xx_ll_usb.c.obj
                0x08006794                USB_ReadDevAllOutEpInterrupt
 .text.USB_ReadDevAllInEpInterrupt
                0x080067a4       0x10 CMakeFiles/Engineer_Gimbal_Test.elf.dir/Drivers/STM32F4xx_HAL_Driver/Src/stm32f4xx_ll_usb.c.obj
                0x080067a4                USB_ReadDevAllInEpInterrupt
 .text.USB_ReadDevOutEPInterrupt
                0x080067b4       0x12 CMakeFiles/Engineer_Gimbal_Test.elf.dir/Drivers/STM32F4xx_HAL_Driver/Src/stm32f4xx_ll_usb.c.obj
                0x080067b4                USB_ReadDevOutEPInterrupt
 .text.USB_ReadDevInEPInterrupt
                0x080067c6       0x24 CMakeFiles/Engineer_Gimbal_Test.elf.dir/Drivers/STM32F4xx_HAL_Driver/Src/stm32f4xx_ll_usb.c.obj
                0x080067c6                USB_ReadDevInEPInterrupt
 .text.USB_GetMode
                0x080067ea        0x8 CMakeFiles/Engineer_Gimbal_Test.elf.dir/Drivers/STM32F4xx_HAL_Driver/Src/stm32f4xx_ll_usb.c.obj
                0x080067ea                USB_GetMode
 .text.USB_SetCurrentMode
                0x080067f2       0x62 CMakeFiles/Engineer_Gimbal_Test.elf.dir/Drivers/STM32F4xx_HAL_Driver/Src/stm32f4xx_ll_usb.c.obj
                0x080067f2                USB_SetCurrentMode
 .text.USB_ActivateSetup
                0x08006854       0x1c CMakeFiles/Engineer_Gimbal_Test.elf.dir/Drivers/STM32F4xx_HAL_Driver/Src/stm32f4xx_ll_usb.c.obj
                0x08006854                USB_ActivateSetup
 .text.USB_EP0_OutStart
                0x08006870       0x60 CMakeFiles/Engineer_Gimbal_Test.elf.dir/Drivers/STM32F4xx_HAL_Driver/Src/stm32f4xx_ll_usb.c.obj
                0x08006870                USB_EP0_OutStart
 .text.USBD_CDC_EP0_RxReady
                0x080068d0       0x40 CMakeFiles/Engineer_Gimbal_Test.elf.dir/Middlewares/ST/STM32_USB_Device_Library/Class/CDC/Src/usbd_cdc.c.obj
 .text.USBD_CDC_GetDeviceQualifierDescriptor
                0x08006910        0xc CMakeFiles/Engineer_Gimbal_Test.elf.dir/Middlewares/ST/STM32_USB_Device_Library/Class/CDC/Src/usbd_cdc.c.obj
                0x08006910                USBD_CDC_GetDeviceQualifierDescriptor
 .text.USBD_CDC_GetOtherSpeedCfgDesc
                0x0800691c       0x48 CMakeFiles/Engineer_Gimbal_Test.elf.dir/Middlewares/ST/STM32_USB_Device_Library/Class/CDC/Src/usbd_cdc.c.obj
 .text.USBD_CDC_GetFSCfgDesc
                0x08006964       0x48 CMakeFiles/Engineer_Gimbal_Test.elf.dir/Middlewares/ST/STM32_USB_Device_Library/Class/CDC/Src/usbd_cdc.c.obj
 .text.USBD_CDC_GetHSCfgDesc
                0x080069ac       0x48 CMakeFiles/Engineer_Gimbal_Test.elf.dir/Middlewares/ST/STM32_USB_Device_Library/Class/CDC/Src/usbd_cdc.c.obj
 .text.USBD_CDC_DataOut
                0x080069f4       0x38 CMakeFiles/Engineer_Gimbal_Test.elf.dir/Middlewares/ST/STM32_USB_Device_Library/Class/CDC/Src/usbd_cdc.c.obj
 .text.USBD_CDC_DataIn
                0x08006a2c       0x7c CMakeFiles/Engineer_Gimbal_Test.elf.dir/Middlewares/ST/STM32_USB_Device_Library/Class/CDC/Src/usbd_cdc.c.obj
 .text.USBD_CDC_Setup
                0x08006aa8      0x11a CMakeFiles/Engineer_Gimbal_Test.elf.dir/Middlewares/ST/STM32_USB_Device_Library/Class/CDC/Src/usbd_cdc.c.obj
 .text.USBD_CDC_DeInit
                0x08006bc2       0x64 CMakeFiles/Engineer_Gimbal_Test.elf.dir/Middlewares/ST/STM32_USB_Device_Library/Class/CDC/Src/usbd_cdc.c.obj
 .text.USBD_CDC_Init
                0x08006c26       0xee CMakeFiles/Engineer_Gimbal_Test.elf.dir/Middlewares/ST/STM32_USB_Device_Library/Class/CDC/Src/usbd_cdc.c.obj
 .text.USBD_CDC_RegisterInterface
                0x08006d14       0x16 CMakeFiles/Engineer_Gimbal_Test.elf.dir/Middlewares/ST/STM32_USB_Device_Library/Class/CDC/Src/usbd_cdc.c.obj
                0x08006d14                USBD_CDC_RegisterInterface
 .text.USBD_CDC_SetTxBuffer
                0x08006d2a       0x1c CMakeFiles/Engineer_Gimbal_Test.elf.dir/Middlewares/ST/STM32_USB_Device_Library/Class/CDC/Src/usbd_cdc.c.obj
                0x08006d2a                USBD_CDC_SetTxBuffer
 .text.USBD_CDC_SetRxBuffer
                0x08006d46       0x18 CMakeFiles/Engineer_Gimbal_Test.elf.dir/Middlewares/ST/STM32_USB_Device_Library/Class/CDC/Src/usbd_cdc.c.obj
                0x08006d46                USBD_CDC_SetRxBuffer
 .text.USBD_CDC_TransmitPacket
                0x08006d5e       0x36 CMakeFiles/Engineer_Gimbal_Test.elf.dir/Middlewares/ST/STM32_USB_Device_Library/Class/CDC/Src/usbd_cdc.c.obj
                0x08006d5e                USBD_CDC_TransmitPacket
 .text.USBD_CDC_ReceivePacket
                0x08006d94       0x38 CMakeFiles/Engineer_Gimbal_Test.elf.dir/Middlewares/ST/STM32_USB_Device_Library/Class/CDC/Src/usbd_cdc.c.obj
                0x08006d94                USBD_CDC_ReceivePacket
 .text.USBD_Init
                0x08006dcc       0x2e CMakeFiles/Engineer_Gimbal_Test.elf.dir/Middlewares/ST/STM32_USB_Device_Library/Core/Src/usbd_core.c.obj
                0x08006dcc                USBD_Init
 .text.USBD_RegisterClass
                0x08006dfa       0x40 CMakeFiles/Engineer_Gimbal_Test.elf.dir/Middlewares/ST/STM32_USB_Device_Library/Core/Src/usbd_core.c.obj
                0x08006dfa                USBD_RegisterClass
 .text.USBD_Start
                0x08006e3a        0x8 CMakeFiles/Engineer_Gimbal_Test.elf.dir/Middlewares/ST/STM32_USB_Device_Library/Core/Src/usbd_core.c.obj
                0x08006e3a                USBD_Start
 .text.USBD_SetClassConfig
                0x08006e42       0x12 CMakeFiles/Engineer_Gimbal_Test.elf.dir/Middlewares/ST/STM32_USB_Device_Library/Core/Src/usbd_core.c.obj
                0x08006e42                USBD_SetClassConfig
 .text.USBD_ClrClassConfig
                0x08006e54       0x12 CMakeFiles/Engineer_Gimbal_Test.elf.dir/Middlewares/ST/STM32_USB_Device_Library/Core/Src/usbd_core.c.obj
                0x08006e54                USBD_ClrClassConfig
 .text.USBD_LL_SetupStage
                0x08006e66       0x58 CMakeFiles/Engineer_Gimbal_Test.elf.dir/Middlewares/ST/STM32_USB_Device_Library/Core/Src/usbd_core.c.obj
                0x08006e66                USBD_LL_SetupStage
 .text.USBD_LL_Reset
                0x08006ebe       0x64 CMakeFiles/Engineer_Gimbal_Test.elf.dir/Middlewares/ST/STM32_USB_Device_Library/Core/Src/usbd_core.c.obj
                0x08006ebe                USBD_LL_Reset
 .text.USBD_LL_SetSpeed
                0x08006f22        0x6 CMakeFiles/Engineer_Gimbal_Test.elf.dir/Middlewares/ST/STM32_USB_Device_Library/Core/Src/usbd_core.c.obj
                0x08006f22                USBD_LL_SetSpeed
 .text.USBD_LL_Suspend
                0x08006f28       0x1e CMakeFiles/Engineer_Gimbal_Test.elf.dir/Middlewares/ST/STM32_USB_Device_Library/Core/Src/usbd_core.c.obj
                0x08006f28                USBD_LL_Suspend
 .text.USBD_LL_Resume
                0x08006f46       0x1a CMakeFiles/Engineer_Gimbal_Test.elf.dir/Middlewares/ST/STM32_USB_Device_Library/Core/Src/usbd_core.c.obj
                0x08006f46                USBD_LL_Resume
 .text.USBD_LL_SOF
                0x08006f60       0x22 CMakeFiles/Engineer_Gimbal_Test.elf.dir/Middlewares/ST/STM32_USB_Device_Library/Core/Src/usbd_core.c.obj
                0x08006f60                USBD_LL_SOF
 .text.USBD_LL_IsoINIncomplete
                0x08006f82       0x2e CMakeFiles/Engineer_Gimbal_Test.elf.dir/Middlewares/ST/STM32_USB_Device_Library/Core/Src/usbd_core.c.obj
                0x08006f82                USBD_LL_IsoINIncomplete
 .text.USBD_LL_IsoOUTIncomplete
                0x08006fb0       0x2e CMakeFiles/Engineer_Gimbal_Test.elf.dir/Middlewares/ST/STM32_USB_Device_Library/Core/Src/usbd_core.c.obj
                0x08006fb0                USBD_LL_IsoOUTIncomplete
 .text.USBD_LL_DevConnected
                0x08006fde        0x4 CMakeFiles/Engineer_Gimbal_Test.elf.dir/Middlewares/ST/STM32_USB_Device_Library/Core/Src/usbd_core.c.obj
                0x08006fde                USBD_LL_DevConnected
 .text.USBD_LL_DevDisconnected
                0x08006fe2       0x20 CMakeFiles/Engineer_Gimbal_Test.elf.dir/Middlewares/ST/STM32_USB_Device_Library/Core/Src/usbd_core.c.obj
                0x08006fe2                USBD_LL_DevDisconnected
 .text.USBD_CoreFindIF
                0x08007002        0x4 CMakeFiles/Engineer_Gimbal_Test.elf.dir/Middlewares/ST/STM32_USB_Device_Library/Core/Src/usbd_core.c.obj
                0x08007002                USBD_CoreFindIF
 .text.USBD_CoreFindEP
                0x08007006        0x4 CMakeFiles/Engineer_Gimbal_Test.elf.dir/Middlewares/ST/STM32_USB_Device_Library/Core/Src/usbd_core.c.obj
                0x08007006                USBD_CoreFindEP
 .text.USBD_LL_DataOutStage
                0x0800700a       0xc4 CMakeFiles/Engineer_Gimbal_Test.elf.dir/Middlewares/ST/STM32_USB_Device_Library/Core/Src/usbd_core.c.obj
                0x0800700a                USBD_LL_DataOutStage
 .text.USBD_LL_DataInStage
                0x080070ce       0xd6 CMakeFiles/Engineer_Gimbal_Test.elf.dir/Middlewares/ST/STM32_USB_Device_Library/Core/Src/usbd_core.c.obj
                0x080070ce                USBD_LL_DataInStage
 .text.USBD_GetNextDesc
                0x080071a4        0xe CMakeFiles/Engineer_Gimbal_Test.elf.dir/Middlewares/ST/STM32_USB_Device_Library/Core/Src/usbd_core.c.obj
                0x080071a4                USBD_GetNextDesc
 .text.USBD_GetEpDesc
                0x080071b2       0x3e CMakeFiles/Engineer_Gimbal_Test.elf.dir/Middlewares/ST/STM32_USB_Device_Library/Core/Src/usbd_core.c.obj
                0x080071b2                USBD_GetEpDesc
 .text.USBD_GetLen
                0x080071f0       0x14 CMakeFiles/Engineer_Gimbal_Test.elf.dir/Middlewares/ST/STM32_USB_Device_Library/Core/Src/usbd_ctlreq.c.obj
 .text.USBD_ParseSetupRequest
                0x08007204       0x28 CMakeFiles/Engineer_Gimbal_Test.elf.dir/Middlewares/ST/STM32_USB_Device_Library/Core/Src/usbd_ctlreq.c.obj
                0x08007204                USBD_ParseSetupRequest
 .text.USBD_CtlError
                0x0800722c       0x14 CMakeFiles/Engineer_Gimbal_Test.elf.dir/Middlewares/ST/STM32_USB_Device_Library/Core/Src/usbd_ctlreq.c.obj
                0x0800722c                USBD_CtlError
 .text.USBD_GetDescriptor
                0x08007240      0x18a CMakeFiles/Engineer_Gimbal_Test.elf.dir/Middlewares/ST/STM32_USB_Device_Library/Core/Src/usbd_ctlreq.c.obj
 .text.USBD_SetAddress
                0x080073ca       0x50 CMakeFiles/Engineer_Gimbal_Test.elf.dir/Middlewares/ST/STM32_USB_Device_Library/Core/Src/usbd_ctlreq.c.obj
 *fill*         0x0800741a        0x2 
 .text.USBD_SetConfig
                0x0800741c       0xcc CMakeFiles/Engineer_Gimbal_Test.elf.dir/Middlewares/ST/STM32_USB_Device_Library/Core/Src/usbd_ctlreq.c.obj
 .text.USBD_GetConfig
                0x080074e8       0x40 CMakeFiles/Engineer_Gimbal_Test.elf.dir/Middlewares/ST/STM32_USB_Device_Library/Core/Src/usbd_ctlreq.c.obj
 .text.USBD_GetStatus
                0x08007528       0x38 CMakeFiles/Engineer_Gimbal_Test.elf.dir/Middlewares/ST/STM32_USB_Device_Library/Core/Src/usbd_ctlreq.c.obj
 .text.USBD_SetFeature
                0x08007560       0x2a CMakeFiles/Engineer_Gimbal_Test.elf.dir/Middlewares/ST/STM32_USB_Device_Library/Core/Src/usbd_ctlreq.c.obj
 .text.USBD_ClrFeature
                0x0800758a       0x26 CMakeFiles/Engineer_Gimbal_Test.elf.dir/Middlewares/ST/STM32_USB_Device_Library/Core/Src/usbd_ctlreq.c.obj
 .text.USBD_StdDevReq
                0x080075b0       0x76 CMakeFiles/Engineer_Gimbal_Test.elf.dir/Middlewares/ST/STM32_USB_Device_Library/Core/Src/usbd_ctlreq.c.obj
                0x080075b0                USBD_StdDevReq
 .text.USBD_StdItfReq
                0x08007626       0x84 CMakeFiles/Engineer_Gimbal_Test.elf.dir/Middlewares/ST/STM32_USB_Device_Library/Core/Src/usbd_ctlreq.c.obj
                0x08007626                USBD_StdItfReq
 .text.USBD_StdEPReq
                0x080076aa      0x230 CMakeFiles/Engineer_Gimbal_Test.elf.dir/Middlewares/ST/STM32_USB_Device_Library/Core/Src/usbd_ctlreq.c.obj
                0x080076aa                USBD_StdEPReq
 .text.USBD_GetString
                0x080078da       0x46 CMakeFiles/Engineer_Gimbal_Test.elf.dir/Middlewares/ST/STM32_USB_Device_Library/Core/Src/usbd_ctlreq.c.obj
                0x080078da                USBD_GetString
 .text.USBD_CtlSendData
                0x08007920       0x1a CMakeFiles/Engineer_Gimbal_Test.elf.dir/Middlewares/ST/STM32_USB_Device_Library/Core/Src/usbd_ioreq.c.obj
                0x08007920                USBD_CtlSendData
 .text.USBD_CtlContinueSendData
                0x0800793a       0x10 CMakeFiles/Engineer_Gimbal_Test.elf.dir/Middlewares/ST/STM32_USB_Device_Library/Core/Src/usbd_ioreq.c.obj
                0x0800793a                USBD_CtlContinueSendData
 .text.USBD_CtlPrepareRx
                0x0800794a       0x1e CMakeFiles/Engineer_Gimbal_Test.elf.dir/Middlewares/ST/STM32_USB_Device_Library/Core/Src/usbd_ioreq.c.obj
                0x0800794a                USBD_CtlPrepareRx
 .text.USBD_CtlContinueRx
                0x08007968       0x10 CMakeFiles/Engineer_Gimbal_Test.elf.dir/Middlewares/ST/STM32_USB_Device_Library/Core/Src/usbd_ioreq.c.obj
                0x08007968                USBD_CtlContinueRx
 .text.USBD_CtlSendStatus
                0x08007978       0x16 CMakeFiles/Engineer_Gimbal_Test.elf.dir/Middlewares/ST/STM32_USB_Device_Library/Core/Src/usbd_ioreq.c.obj
                0x08007978                USBD_CtlSendStatus
 .text.USBD_CtlReceiveStatus
                0x0800798e       0x16 CMakeFiles/Engineer_Gimbal_Test.elf.dir/Middlewares/ST/STM32_USB_Device_Library/Core/Src/usbd_ioreq.c.obj
                0x0800798e                USBD_CtlReceiveStatus
 .text.SysTick_Handler
                0x080079a4       0x18 CMakeFiles/Engineer_Gimbal_Test.elf.dir/Middlewares/Third_Party/FreeRTOS/Source/CMSIS_RTOS_V2/cmsis_os2.c.obj
                0x080079a4                SysTick_Handler
 .text.osKernelInitialize
                0x080079bc       0x24 CMakeFiles/Engineer_Gimbal_Test.elf.dir/Middlewares/Third_Party/FreeRTOS/Source/CMSIS_RTOS_V2/cmsis_os2.c.obj
                0x080079bc                osKernelInitialize
 .text.osKernelStart
                0x080079e0       0x38 CMakeFiles/Engineer_Gimbal_Test.elf.dir/Middlewares/Third_Party/FreeRTOS/Source/CMSIS_RTOS_V2/cmsis_os2.c.obj
                0x080079e0                osKernelStart
 .text.osKernelGetTickCount
                0x08007a18       0x14 CMakeFiles/Engineer_Gimbal_Test.elf.dir/Middlewares/Third_Party/FreeRTOS/Source/CMSIS_RTOS_V2/cmsis_os2.c.obj
                0x08007a18                osKernelGetTickCount
 .text.osThreadNew
                0x08007a2c       0xbe CMakeFiles/Engineer_Gimbal_Test.elf.dir/Middlewares/Third_Party/FreeRTOS/Source/CMSIS_RTOS_V2/cmsis_os2.c.obj
                0x08007a2c                osThreadNew
 .text.osDelay  0x08007aea       0x1c CMakeFiles/Engineer_Gimbal_Test.elf.dir/Middlewares/Third_Party/FreeRTOS/Source/CMSIS_RTOS_V2/cmsis_os2.c.obj
                0x08007aea                osDelay
 .text.osDelayUntil
                0x08007b06       0x30 CMakeFiles/Engineer_Gimbal_Test.elf.dir/Middlewares/Third_Party/FreeRTOS/Source/CMSIS_RTOS_V2/cmsis_os2.c.obj
                0x08007b06                osDelayUntil
 .text.osSemaphoreNew
                0x08007b36       0xb2 CMakeFiles/Engineer_Gimbal_Test.elf.dir/Middlewares/Third_Party/FreeRTOS/Source/CMSIS_RTOS_V2/cmsis_os2.c.obj
                0x08007b36                osSemaphoreNew
 .text.osSemaphoreAcquire
                0x08007be8       0x68 CMakeFiles/Engineer_Gimbal_Test.elf.dir/Middlewares/Third_Party/FreeRTOS/Source/CMSIS_RTOS_V2/cmsis_os2.c.obj
                0x08007be8                osSemaphoreAcquire
 .text.osSemaphoreRelease
                0x08007c50       0x5e CMakeFiles/Engineer_Gimbal_Test.elf.dir/Middlewares/Third_Party/FreeRTOS/Source/CMSIS_RTOS_V2/cmsis_os2.c.obj
                0x08007c50                osSemaphoreRelease
 .text.osMessageQueueNew
                0x08007cae       0x96 CMakeFiles/Engineer_Gimbal_Test.elf.dir/Middlewares/Third_Party/FreeRTOS/Source/CMSIS_RTOS_V2/cmsis_os2.c.obj
                0x08007cae                osMessageQueueNew
 .text.osMessageQueuePut
                0x08007d44       0x84 CMakeFiles/Engineer_Gimbal_Test.elf.dir/Middlewares/Third_Party/FreeRTOS/Source/CMSIS_RTOS_V2/cmsis_os2.c.obj
                0x08007d44                osMessageQueuePut
 .text.osMessageQueueGet
                0x08007dc8       0x82 CMakeFiles/Engineer_Gimbal_Test.elf.dir/Middlewares/Third_Party/FreeRTOS/Source/CMSIS_RTOS_V2/cmsis_os2.c.obj
                0x08007dc8                osMessageQueueGet
 *fill*         0x08007e4a        0x2 
 .text.vApplicationGetIdleTaskMemory
                0x08007e4c       0x18 CMakeFiles/Engineer_Gimbal_Test.elf.dir/Middlewares/Third_Party/FreeRTOS/Source/CMSIS_RTOS_V2/cmsis_os2.c.obj
                0x08007e4c                vApplicationGetIdleTaskMemory
 .text.vApplicationGetTimerTaskMemory
                0x08007e64       0x18 CMakeFiles/Engineer_Gimbal_Test.elf.dir/Middlewares/Third_Party/FreeRTOS/Source/CMSIS_RTOS_V2/cmsis_os2.c.obj
                0x08007e64                vApplicationGetTimerTaskMemory
 .text.vListInitialise
                0x08007e7c       0x16 CMakeFiles/Engineer_Gimbal_Test.elf.dir/Middlewares/Third_Party/FreeRTOS/Source/list.c.obj
                0x08007e7c                vListInitialise
 .text.vListInitialiseItem
                0x08007e92        0x6 CMakeFiles/Engineer_Gimbal_Test.elf.dir/Middlewares/Third_Party/FreeRTOS/Source/list.c.obj
                0x08007e92                vListInitialiseItem
 .text.vListInsertEnd
                0x08007e98       0x16 CMakeFiles/Engineer_Gimbal_Test.elf.dir/Middlewares/Third_Party/FreeRTOS/Source/list.c.obj
                0x08007e98                vListInsertEnd
 .text.vListInsert
                0x08007eae       0x32 CMakeFiles/Engineer_Gimbal_Test.elf.dir/Middlewares/Third_Party/FreeRTOS/Source/list.c.obj
                0x08007eae                vListInsert
 .text.uxListRemove
                0x08007ee0       0x26 CMakeFiles/Engineer_Gimbal_Test.elf.dir/Middlewares/Third_Party/FreeRTOS/Source/list.c.obj
                0x08007ee0                uxListRemove
 *fill*         0x08007f06        0x2 
 .text.prvTaskExitError
                0x08007f08       0x40 CMakeFiles/Engineer_Gimbal_Test.elf.dir/Middlewares/Third_Party/FreeRTOS/Source/portable/GCC/ARM_CM4F/port.c.obj
 .text.prvPortStartFirstTask
                0x08007f48       0x28 CMakeFiles/Engineer_Gimbal_Test.elf.dir/Middlewares/Third_Party/FreeRTOS/Source/portable/GCC/ARM_CM4F/port.c.obj
 .text.vPortEnableVFP
                0x08007f70       0x14 CMakeFiles/Engineer_Gimbal_Test.elf.dir/Middlewares/Third_Party/FreeRTOS/Source/portable/GCC/ARM_CM4F/port.c.obj
 .text.pxPortInitialiseStack
                0x08007f84       0x2c CMakeFiles/Engineer_Gimbal_Test.elf.dir/Middlewares/Third_Party/FreeRTOS/Source/portable/GCC/ARM_CM4F/port.c.obj
                0x08007f84                pxPortInitialiseStack
 .text.SVC_Handler
                0x08007fb0       0x24 CMakeFiles/Engineer_Gimbal_Test.elf.dir/Middlewares/Third_Party/FreeRTOS/Source/portable/GCC/ARM_CM4F/port.c.obj
                0x08007fb0                SVC_Handler
 .text.vPortEnterCritical
                0x08007fd4       0x44 CMakeFiles/Engineer_Gimbal_Test.elf.dir/Middlewares/Third_Party/FreeRTOS/Source/portable/GCC/ARM_CM4F/port.c.obj
                0x08007fd4                vPortEnterCritical
 .text.vPortExitCritical
                0x08008018       0x2c CMakeFiles/Engineer_Gimbal_Test.elf.dir/Middlewares/Third_Party/FreeRTOS/Source/portable/GCC/ARM_CM4F/port.c.obj
                0x08008018                vPortExitCritical
 *fill*         0x08008044        0xc 
 .text.PendSV_Handler
                0x08008050       0x64 CMakeFiles/Engineer_Gimbal_Test.elf.dir/Middlewares/Third_Party/FreeRTOS/Source/portable/GCC/ARM_CM4F/port.c.obj
                0x08008050                PendSV_Handler
 .text.xPortSysTickHandler
                0x080080b4       0x2c CMakeFiles/Engineer_Gimbal_Test.elf.dir/Middlewares/Third_Party/FreeRTOS/Source/portable/GCC/ARM_CM4F/port.c.obj
                0x080080b4                xPortSysTickHandler
 .text.vPortSetupTimerInterrupt
                0x080080e0       0x28 CMakeFiles/Engineer_Gimbal_Test.elf.dir/Middlewares/Third_Party/FreeRTOS/Source/portable/GCC/ARM_CM4F/port.c.obj
                0x080080e0                vPortSetupTimerInterrupt
 .text.xPortStartScheduler
                0x08008108      0x118 CMakeFiles/Engineer_Gimbal_Test.elf.dir/Middlewares/Third_Party/FreeRTOS/Source/portable/GCC/ARM_CM4F/port.c.obj
                0x08008108                xPortStartScheduler
 .text.vPortValidateInterruptPriority
                0x08008220       0x5c CMakeFiles/Engineer_Gimbal_Test.elf.dir/Middlewares/Third_Party/FreeRTOS/Source/portable/GCC/ARM_CM4F/port.c.obj
                0x08008220                vPortValidateInterruptPriority
 .text.prvHeapInit
                0x0800827c       0x6c CMakeFiles/Engineer_Gimbal_Test.elf.dir/Middlewares/Third_Party/FreeRTOS/Source/portable/MemMang/heap_4.c.obj
 .text.prvInsertBlockIntoFreeList
                0x080082e8       0x64 CMakeFiles/Engineer_Gimbal_Test.elf.dir/Middlewares/Third_Party/FreeRTOS/Source/portable/MemMang/heap_4.c.obj
 .text.pvPortMalloc
                0x0800834c      0x104 CMakeFiles/Engineer_Gimbal_Test.elf.dir/Middlewares/Third_Party/FreeRTOS/Source/portable/MemMang/heap_4.c.obj
                0x0800834c                pvPortMalloc
 .text.vPortFree
                0x08008450       0x7c CMakeFiles/Engineer_Gimbal_Test.elf.dir/Middlewares/Third_Party/FreeRTOS/Source/portable/MemMang/heap_4.c.obj
                0x08008450                vPortFree
 .text.prvGetDisinheritPriorityAfterTimeout
                0x080084cc       0x10 CMakeFiles/Engineer_Gimbal_Test.elf.dir/Middlewares/Third_Party/FreeRTOS/Source/queue.c.obj
 .text.prvIsQueueFull
                0x080084dc       0x1e CMakeFiles/Engineer_Gimbal_Test.elf.dir/Middlewares/Third_Party/FreeRTOS/Source/queue.c.obj
 .text.prvIsQueueEmpty
                0x080084fa       0x1a CMakeFiles/Engineer_Gimbal_Test.elf.dir/Middlewares/Third_Party/FreeRTOS/Source/queue.c.obj
 .text.prvCopyDataToQueue
                0x08008514       0x76 CMakeFiles/Engineer_Gimbal_Test.elf.dir/Middlewares/Third_Party/FreeRTOS/Source/queue.c.obj
 .text.prvCopyDataFromQueue
                0x0800858a       0x24 CMakeFiles/Engineer_Gimbal_Test.elf.dir/Middlewares/Third_Party/FreeRTOS/Source/queue.c.obj
 .text.prvUnlockQueue
                0x080085ae       0x6e CMakeFiles/Engineer_Gimbal_Test.elf.dir/Middlewares/Third_Party/FreeRTOS/Source/queue.c.obj
 .text.xQueueGenericReset
                0x0800861c       0x84 CMakeFiles/Engineer_Gimbal_Test.elf.dir/Middlewares/Third_Party/FreeRTOS/Source/queue.c.obj
                0x0800861c                xQueueGenericReset
 .text.prvInitialiseNewQueue
                0x080086a0       0x22 CMakeFiles/Engineer_Gimbal_Test.elf.dir/Middlewares/Third_Party/FreeRTOS/Source/queue.c.obj
 .text.xQueueGenericCreateStatic
                0x080086c2       0x94 CMakeFiles/Engineer_Gimbal_Test.elf.dir/Middlewares/Third_Party/FreeRTOS/Source/queue.c.obj
                0x080086c2                xQueueGenericCreateStatic
 .text.xQueueGenericCreate
                0x08008756       0x48 CMakeFiles/Engineer_Gimbal_Test.elf.dir/Middlewares/Third_Party/FreeRTOS/Source/queue.c.obj
                0x08008756                xQueueGenericCreate
 .text.xQueueCreateCountingSemaphoreStatic
                0x0800879e       0x46 CMakeFiles/Engineer_Gimbal_Test.elf.dir/Middlewares/Third_Party/FreeRTOS/Source/queue.c.obj
                0x0800879e                xQueueCreateCountingSemaphoreStatic
 .text.xQueueCreateCountingSemaphore
                0x080087e4       0x3c CMakeFiles/Engineer_Gimbal_Test.elf.dir/Middlewares/Third_Party/FreeRTOS/Source/queue.c.obj
                0x080087e4                xQueueCreateCountingSemaphore
 .text.xQueueGenericSend
                0x08008820      0x188 CMakeFiles/Engineer_Gimbal_Test.elf.dir/Middlewares/Third_Party/FreeRTOS/Source/queue.c.obj
                0x08008820                xQueueGenericSend
 .text.xQueueGenericSendFromISR
                0x080089a8       0xce CMakeFiles/Engineer_Gimbal_Test.elf.dir/Middlewares/Third_Party/FreeRTOS/Source/queue.c.obj
                0x080089a8                xQueueGenericSendFromISR
 .text.xQueueGiveFromISR
                0x08008a76       0xb2 CMakeFiles/Engineer_Gimbal_Test.elf.dir/Middlewares/Third_Party/FreeRTOS/Source/queue.c.obj
                0x08008a76                xQueueGiveFromISR
 .text.xQueueReceive
                0x08008b28      0x15e CMakeFiles/Engineer_Gimbal_Test.elf.dir/Middlewares/Third_Party/FreeRTOS/Source/queue.c.obj
                0x08008b28                xQueueReceive
 .text.xQueueSemaphoreTake
                0x08008c86      0x1a6 CMakeFiles/Engineer_Gimbal_Test.elf.dir/Middlewares/Third_Party/FreeRTOS/Source/queue.c.obj
                0x08008c86                xQueueSemaphoreTake
 .text.xQueueReceiveFromISR
                0x08008e2c       0xae CMakeFiles/Engineer_Gimbal_Test.elf.dir/Middlewares/Third_Party/FreeRTOS/Source/queue.c.obj
                0x08008e2c                xQueueReceiveFromISR
 *fill*         0x08008eda        0x2 
 .text.vQueueAddToRegistry
                0x08008edc       0x28 CMakeFiles/Engineer_Gimbal_Test.elf.dir/Middlewares/Third_Party/FreeRTOS/Source/queue.c.obj
                0x08008edc                vQueueAddToRegistry
 .text.vQueueUnregisterQueue
                0x08008f04       0x2c CMakeFiles/Engineer_Gimbal_Test.elf.dir/Middlewares/Third_Party/FreeRTOS/Source/queue.c.obj
                0x08008f04                vQueueUnregisterQueue
 .text.vQueueDelete
                0x08008f30       0x2c CMakeFiles/Engineer_Gimbal_Test.elf.dir/Middlewares/Third_Party/FreeRTOS/Source/queue.c.obj
                0x08008f30                vQueueDelete
 .text.vQueueWaitForMessageRestricted
                0x08008f5c       0x52 CMakeFiles/Engineer_Gimbal_Test.elf.dir/Middlewares/Third_Party/FreeRTOS/Source/queue.c.obj
                0x08008f5c                vQueueWaitForMessageRestricted
 *fill*         0x08008fae        0x2 
 .text.prvResetNextTaskUnblockTime
                0x08008fb0       0x2c CMakeFiles/Engineer_Gimbal_Test.elf.dir/Middlewares/Third_Party/FreeRTOS/Source/tasks.c.obj
 .text.prvInitialiseNewTask
                0x08008fdc      0x104 CMakeFiles/Engineer_Gimbal_Test.elf.dir/Middlewares/Third_Party/FreeRTOS/Source/tasks.c.obj
 .text.prvInitialiseTaskLists
                0x080090e0       0x68 CMakeFiles/Engineer_Gimbal_Test.elf.dir/Middlewares/Third_Party/FreeRTOS/Source/tasks.c.obj
 .text.prvAddNewTaskToReadyList
                0x08009148       0xac CMakeFiles/Engineer_Gimbal_Test.elf.dir/Middlewares/Third_Party/FreeRTOS/Source/tasks.c.obj
 .text.prvDeleteTCB
                0x080091f4       0x40 CMakeFiles/Engineer_Gimbal_Test.elf.dir/Middlewares/Third_Party/FreeRTOS/Source/tasks.c.obj
 .text.prvCheckTasksWaitingTermination
                0x08009234       0x4c CMakeFiles/Engineer_Gimbal_Test.elf.dir/Middlewares/Third_Party/FreeRTOS/Source/tasks.c.obj
 .text.prvIdleTask
                0x08009280       0x28 CMakeFiles/Engineer_Gimbal_Test.elf.dir/Middlewares/Third_Party/FreeRTOS/Source/tasks.c.obj
 .text.prvAddCurrentTaskToDelayedList
                0x080092a8       0x7c CMakeFiles/Engineer_Gimbal_Test.elf.dir/Middlewares/Third_Party/FreeRTOS/Source/tasks.c.obj
 .text.xTaskCreateStatic
                0x08009324       0x7a CMakeFiles/Engineer_Gimbal_Test.elf.dir/Middlewares/Third_Party/FreeRTOS/Source/tasks.c.obj
                0x08009324                xTaskCreateStatic
 .text.xTaskCreate
                0x0800939e       0x66 CMakeFiles/Engineer_Gimbal_Test.elf.dir/Middlewares/Third_Party/FreeRTOS/Source/tasks.c.obj
                0x0800939e                xTaskCreate
 .text.vTaskStartScheduler
                0x08009404       0xac CMakeFiles/Engineer_Gimbal_Test.elf.dir/Middlewares/Third_Party/FreeRTOS/Source/tasks.c.obj
                0x08009404                vTaskStartScheduler
 .text.vTaskSuspendAll
                0x080094b0       0x10 CMakeFiles/Engineer_Gimbal_Test.elf.dir/Middlewares/Third_Party/FreeRTOS/Source/tasks.c.obj
                0x080094b0                vTaskSuspendAll
 .text.xTaskGetTickCount
                0x080094c0        0xc CMakeFiles/Engineer_Gimbal_Test.elf.dir/Middlewares/Third_Party/FreeRTOS/Source/tasks.c.obj
                0x080094c0                xTaskGetTickCount
 .text.xTaskGetTickCountFromISR
                0x080094cc       0x10 CMakeFiles/Engineer_Gimbal_Test.elf.dir/Middlewares/Third_Party/FreeRTOS/Source/tasks.c.obj
                0x080094cc                xTaskGetTickCountFromISR
 .text.xTaskIncrementTick
                0x080094dc      0x118 CMakeFiles/Engineer_Gimbal_Test.elf.dir/Middlewares/Third_Party/FreeRTOS/Source/tasks.c.obj
                0x080094dc                xTaskIncrementTick
 .text.xTaskResumeAll
                0x080095f4       0xf8 CMakeFiles/Engineer_Gimbal_Test.elf.dir/Middlewares/Third_Party/FreeRTOS/Source/tasks.c.obj
                0x080095f4                xTaskResumeAll
 .text.vTaskDelayUntil
                0x080096ec       0xa4 CMakeFiles/Engineer_Gimbal_Test.elf.dir/Middlewares/Third_Party/FreeRTOS/Source/tasks.c.obj
                0x080096ec                vTaskDelayUntil
 .text.vTaskDelay
                0x08009790       0x4c CMakeFiles/Engineer_Gimbal_Test.elf.dir/Middlewares/Third_Party/FreeRTOS/Source/tasks.c.obj
                0x08009790                vTaskDelay
 .text.vTaskSwitchContext
                0x080097dc       0xa4 CMakeFiles/Engineer_Gimbal_Test.elf.dir/Middlewares/Third_Party/FreeRTOS/Source/tasks.c.obj
                0x080097dc                vTaskSwitchContext
 .text.vTaskPlaceOnEventList
                0x08009880       0x30 CMakeFiles/Engineer_Gimbal_Test.elf.dir/Middlewares/Third_Party/FreeRTOS/Source/tasks.c.obj
                0x08009880                vTaskPlaceOnEventList
 .text.vTaskPlaceOnEventListRestricted
                0x080098b0       0x38 CMakeFiles/Engineer_Gimbal_Test.elf.dir/Middlewares/Third_Party/FreeRTOS/Source/tasks.c.obj
                0x080098b0                vTaskPlaceOnEventListRestricted
 .text.xTaskRemoveFromEventList
                0x080098e8       0x8c CMakeFiles/Engineer_Gimbal_Test.elf.dir/Middlewares/Third_Party/FreeRTOS/Source/tasks.c.obj
                0x080098e8                xTaskRemoveFromEventList
 .text.vTaskInternalSetTimeOutState
                0x08009974       0x18 CMakeFiles/Engineer_Gimbal_Test.elf.dir/Middlewares/Third_Party/FreeRTOS/Source/tasks.c.obj
                0x08009974                vTaskInternalSetTimeOutState
 .text.xTaskCheckForTimeOut
                0x0800998c       0x84 CMakeFiles/Engineer_Gimbal_Test.elf.dir/Middlewares/Third_Party/FreeRTOS/Source/tasks.c.obj
                0x0800998c                xTaskCheckForTimeOut
 .text.vTaskMissedYield
                0x08009a10        0xc CMakeFiles/Engineer_Gimbal_Test.elf.dir/Middlewares/Third_Party/FreeRTOS/Source/tasks.c.obj
                0x08009a10                vTaskMissedYield
 .text.xTaskGetSchedulerState
                0x08009a1c       0x20 CMakeFiles/Engineer_Gimbal_Test.elf.dir/Middlewares/Third_Party/FreeRTOS/Source/tasks.c.obj
                0x08009a1c                xTaskGetSchedulerState
 .text.xTaskPriorityInherit
                0x08009a3c       0x98 CMakeFiles/Engineer_Gimbal_Test.elf.dir/Middlewares/Third_Party/FreeRTOS/Source/tasks.c.obj
                0x08009a3c                xTaskPriorityInherit
 .text.xTaskPriorityDisinherit
                0x08009ad4       0x90 CMakeFiles/Engineer_Gimbal_Test.elf.dir/Middlewares/Third_Party/FreeRTOS/Source/tasks.c.obj
                0x08009ad4                xTaskPriorityDisinherit
 .text.vTaskPriorityDisinheritAfterTimeout
                0x08009b64       0xa0 CMakeFiles/Engineer_Gimbal_Test.elf.dir/Middlewares/Third_Party/FreeRTOS/Source/tasks.c.obj
                0x08009b64                vTaskPriorityDisinheritAfterTimeout
 .text.pvTaskIncrementMutexHeldCount
                0x08009c04       0x1c CMakeFiles/Engineer_Gimbal_Test.elf.dir/Middlewares/Third_Party/FreeRTOS/Source/tasks.c.obj
                0x08009c04                pvTaskIncrementMutexHeldCount
 .text.prvGetNextExpireTime
                0x08009c20       0x20 CMakeFiles/Engineer_Gimbal_Test.elf.dir/Middlewares/Third_Party/FreeRTOS/Source/timers.c.obj
 .text.prvInsertTimerInActiveList
                0x08009c40       0x48 CMakeFiles/Engineer_Gimbal_Test.elf.dir/Middlewares/Third_Party/FreeRTOS/Source/timers.c.obj
 .text.prvCheckForValidListAndQueue
                0x08009c88       0x70 CMakeFiles/Engineer_Gimbal_Test.elf.dir/Middlewares/Third_Party/FreeRTOS/Source/timers.c.obj
 .text.xTimerCreateTimerTask
                0x08009cf8       0x64 CMakeFiles/Engineer_Gimbal_Test.elf.dir/Middlewares/Third_Party/FreeRTOS/Source/timers.c.obj
                0x08009cf8                xTimerCreateTimerTask
 .text.xTimerGenericCommand
                0x08009d5c       0x6c CMakeFiles/Engineer_Gimbal_Test.elf.dir/Middlewares/Third_Party/FreeRTOS/Source/timers.c.obj
                0x08009d5c                xTimerGenericCommand
 .text.prvSwitchTimerLists
                0x08009dc8       0x7c CMakeFiles/Engineer_Gimbal_Test.elf.dir/Middlewares/Third_Party/FreeRTOS/Source/timers.c.obj
 .text.prvSampleTimeNow
                0x08009e44       0x2c CMakeFiles/Engineer_Gimbal_Test.elf.dir/Middlewares/Third_Party/FreeRTOS/Source/timers.c.obj
 .text.prvProcessExpiredTimer